PC Engines apu2
coreboot build 20203007
BIOS version v4.12.0.3
4080 MB ECC DRAM

SeaBIOS (version rel-1.12.1.3-0-g300e8b70)

Press F10 key now for boot menu

Select boot device:

1. USB MSC Drive UFD 3.0 Silicon-Power16G PMAP
2. Payload [setup]
3. Payload [memtest]

t. TPM Configuration

Booting from Hard Disk...
GRUB loading....
Welcome to GRUB!

error: can't find command `terminal'.GNU GRUB  version 2.04~rc1┌───────────────────────────�─�────────────────────────────────────────────────┐││││││││││││││││││││││││││└────────────────────────�─��───────────────────────────────────────────────────┘     Use the ↑ and ↓ keys to select which entry is highlighted.
      Press enter to boot the selected OS, `e' to edit the commands
      before booting or `c' for a command-line.                            *boot                                                                        secure--boot


shasum calculated:
0x001001dc: 44 b6 98 d6 93 b8 5b 21 9b 87 0a 43 a9 bf 27 af   D.....[!...C..'.
0x001001ec: 8f 58 b7 35 cc cc cc cc cc cc cc cc cc cc cc cc   .X.5............
shasum calculated:
0x001001f0: 4a 9d bd 0c 02 b0 fb 79 c5 79 8a 53 2a 67 eb f7   J......y.y.S*g..
0x00100200: 91 8b 3d 87 6f cb db 03 08 c3 cb 27 f1 92 c4 f4   ..=.o......'....
PCR extended
IOMMU MMIO Base Address = 0xf7f00000:
0x00000000: IOMMU_MMIO_STATUS_REGISTER
0x00106001: IOMMU_MMIO_DEVICE_TABLE_BA
0x00103000: IOMMU_MMIO_COMMAND_BUF_BA
0x00105000: IOMMU_MMIO_EVENT_LOG_BA
0x00000018: IOMMU_MMIO_STATUS_REGISTER
INVALIDATE_IOMMU_ALL
0x00290ad2: IOMMU_MMIO_EXTENDED_FEATURE
0x0000000a: IOMMU_MMIO_STATUS_REGISTER
0x0000000a: IOMMU_MMIO_STATUS_REGISTER
Disabling SLB protection
IOMMU MMIO Base Address = 0xf7f00000:
0x0000000a: IOMMU_MMIO_STATUS_REGISTER
0x00106001: IOMMU_MMIO_DEVICE_TABLE_BA
0x00103000: IOMMU_MMIO_COMMAND_BUF_BA
0x00105000: IOMMU_MMIO_EVENT_LOG_BA
0x0000001a: IOMMU_MMIO_STATUS_REGISTER
INVALIDATE_IOMMU_ALL
0x00290ad2: IOMMU_MMIO_EXTENDED_FEATURE
0x0000000a: IOMMU_MMIO_STATUS_REGISTER
0x0000000a: IOMMU_MMIO_STATUS_REGISTER
Flushing IOMMU cache
IOMMU set

code32_start 0x01000000:
mle_header
0x01000514: 5a ac 82 90 6f 47 a7 74 0f 5c 55 a2 cb 51 b6 42   Z...oG.t.\U..Q.B
0x01000524: 34 00 00 00 02 00 02 00 a0 9c 89 00 00 00 00 00   4...............
0x01000534: 00 00 00 00 34 3f 8a 00 27 02 00 00 00 00 00 00   ....4?..'.......
0x01000544: 00 00 00 00 1f 8b 08 00 00 00 00 00 02 03 ec dd   ................
shasum calculated:
0x001001dc: 2e aa bb 1b 57 52 6c cf 6a 44 4c 3b ed 31 49 19   ....WRl.jDL;.1I.
0x001001ec: c5 78 58 ba 34 3a 20 00 93 12 10 00 00 00 00 00   .xX.4: .........
shasum calculated:
0x001001f0: a6 cd 2c aa c9 34 d6 cf 7b 44 de 87 43 04 33 54   ..,..4..{D..C.3T
0x00100200: 27 70 1c d7 80 97 7a 5e f7 7a 42 50 93 8b 7f 3f   'p....z^.zBP...?
PCR extended
pm_kernel_entry:
0x01899ca0: fa fc 8d 83 08 a2 00 00 01 40 02 0f 01 10 b8 10   .........@......
0x01899cb0: 00 00 00 8e d8 8e c0 8e e0 8e e8 8e d0 8d a3 38   ...............8
0x01899cc0: 3d 00 00 8d 83 2d 00 00 00 6a 08 50 cb 89 93 40   =....-...j.P...@
0x01899cd0: a2 00 00 53 51 b8 01 00 00 00 0f a2 f7 c1 40 00   ...SQ.........@.
0x01899ce0: 00 00 74 78 59 5b c7 83 38 a2 00 00 02 00 00 00   ..txY[..8.......
0x01899cf0: e8 8b 00 00 00 ff 83 50 a2 00 00 53 31 db b8 07   .......P...S1...
0x01899d00: 00 00 00 0f 37 5b c7 05 30 00 d2 fe 00 00 00 00   ....7[..0.......
0x01899d10: c7 05 08 00 d2 fe ff ff ff ff a1 00 03 d2 fe 8b   ................
0x01899d20: 08 8d 44 08 08 e8 c6 00 00 00 8b 70 04 89 98 34   ..D........p...4
0x01899d30: 02 00 00 8b b8 20 02 00 00 89 bb 54 a2 00 00 c7   ..... .....T....
0x01899d40: 80 38 02 00 00 08 00 00 00 50 e8 b1 02 00 00 e8   .8.......P......
0x01899d50: 8c 03 00 00 5f e8 26 03 00 00 eb 1b b8 01 00 00   ...._.&.........
0x01899d60: 80 0f a2 f7 c1 00 10 00 00 74 11 59 5b c7 83 38   .........t.Y[..8
0x01899d70: a2 00 00 01 00 00 00 e9 84 62 76 ff 0f 0b 66 90   .........bv...f.
0x01899d80: 8b 01 25 00 f0 ff ff 8b 00 25 00 f0 ff ff 8b 00   ..%......%......
0x01899d90: 25 00 f0 ff ff 89 83 3c a2 00 00 c3 0f 1f 40 00   %......<......@.
zero_page:
0x0008b000: 00 00 00 80 00 00 03 50 00 00 00 00 00 00 19 01   .......P........
0x0008b010: 10 00 00 00 00 00 00 00 00 00 00 00 00 00 00 00   ................
0x0008b020: 3f a3 00 10 00 00 00 00 00 00 00 00 00 00 00 00   ?...............
0x0008b030: 00 00 00 00 00 00 00 00 00 00 00 00 00 00 00 00   ................
...
0x0008b1e0: 00 80 00 00 00 00 00 00 08 00 00 00 00 00 00 00   ................
0x0008b1f0: 00 1b 01 00 f4 a3 08 00 00 00 ff ff 00 00 00 00   ................
0x0008b200: eb 6a 48 64 72 53 0f 02 00 00 00 00 00 10 a0 32   .jHdrS.........2
0x0008b210: 72 81 00 80 00 00 00 01 00 00 00 00 00 00 00 00   r...............
0x0008b220: 00 00 00 00 00 8e 00 00 00 f0 08 00 ff ff ff 7f   ................
0x0008b230: 00 00 20 00 01 15 6b 00 ff 07 00 00 00 00 00 00   .. ...k.........
0x0008b240: 00 00 00 00 00 00 00 00 48 05 00 00 03 ff 88 00   ........H.......
0x0008b250: 00 00 00 00 00 00 00 00 00 00 00 01 00 00 00 00   ................
0x0008b260: 00 b0 d4 01 90 01 00 00 00 05 00 00 00 00 00 00   ................
0x0008b270: 00 00 00 00 00 00 00 00 00 00 00 00 00 00 00 00   ................
skl_base:
0x00100000: 90 02 58 80 00 80 ef be ad de cc cc cc cc cc cc   ..X.............
0x00100010: cc cc cc cc cc cc cc cc cc cc cc cc cc cc cc cc   ................
0x00100020: cc cc cc cc cc cc cc cc cc cc cc cc cc cc cc cc   ................
0x00100030: cc cc cc cc cc cc cc cc cc cc cc cc cc cc cc cc   ................
0x00100040: cc cc cc cc cc cc cc cc cc cc cc cc cc cc cc cc   ................
0x00100050: cc cc cc cc cc cc cc cc cc cc cc cc cc cc cc cc   ................
0x00100060: cc cc cc cc cc cc cc cc cc cc cc cc cc cc cc cc   ................
0x00100070: cc cc cc cc cc cc cc cc cc cc cc cc cc cc cc cc   ................
0x00100080: cc cc cc cc cc cc cc cc cc cc cc cc cc cc cc cc   ................
0x00100090: cc cc cc cc cc cc cc cc cc cc cc cc cc cc cc cc   ................
0x001000a0: f2 78 71 c6 a1 bc f0 5b 4f 01 af 6c 3c 24 10 00   .xq....[O..l<$..
0x001000b0: 30 16 51 f3 c0 b4 55 76 e0 47 92 2f b8 30 10 00   0.Q...Uv.G./.0..
0x001000c0: 00 00 00 00 38 00 00 00 ac 3b 10 00 0b 33 10 00   ....8....;...3..
0x001000d0: 40 00 00 00 80 36 10 00 e0 00 10 00 40 00 00 00   @....6......@...
0x001000e0: 65 ce fe de 0d 48 a1 2c e0 3b 10 00 e0 3b 10 00   e....H.,.;...;..
0x001000f0: 6e 01 10 00 21 3c 10 00 21 3c 10 00 5c 2a 10 00   n...!<..!<..\*..
device_table:
0x00106000: 03 00 00 00 00 00 00 00 00 00 00 00 00 00 00 00   ................
0x00106010: 00 00 00 00 00 00 00 00 00 00 00 00 00 00 00 00   ................
0x00106020: 03 00 00 00 00 00 00 00 00 00 00 00 00 00 00 00   ................
0x00106030: 00 00 00 00 00 00 00 00 00 00 00 00 00 00 00 00   ................
0x00106040: 03 00 00 00 00 00 00 00 00 00 00 00 00 00 00 00   ................
0x00106050: 00 00 00 00 00 00 00 00 00 00 00 00 00 00 00 00   ................
0x00106060: 03 00 00 00 00 00 00 00 00 00 00 00 00 00 00 00   ................
0x00106070: 00 00 00 00 00 00 00 00 00 00 00 00 00 00 00 00   ................
0x00106080: 03 00 00 00 00 00 00 00 00 00 00 00 00 00 00 00   ................
0x00106090: 00 00 00 00 00 00 00 00 00 00 00 00 00 00 00 00   ................
0x001060a0: 03 00 00 00 00 00 00 00 00 00 00 00 00 00 00 00   ................
0x001060b0: 00 00 00 00 00 00 00 00 00 00 00 00 00 00 00 00   ................
0x001060c0: 03 00 00 00 00 00 00 00 00 00 00 00 00 00 00 00   ................
0x001060d0: 00 00 00 00 00 00 00 00 00 00 00 00 00 00 00 00   ................
0x001060e0: 03 00 00 00 00 00 00 00 00 00 00 00 00 00 00 00   ................
0x001060f0: 00 00 00 00 00 00 00 00 00 00 00 00 00 00 00 00   ................
command_buf:
0x00103fe0: 00 00 00 00 00 00 00 80 00 00 00 00 00 00 00 00   ................
0x00103ff0: 29 02 10 00 00 00 00 10 64 6f 6e 65 00 00 00 00   ).......done....
0x00104000: 00 d0 e8 cf 74 c1 e8 cf 00 c0 e8 cf 00 00 00 00   ....t...........
0x00104010: 00 00 00 f8 c2 27 10 00 31 27 10 00 d1 15 1a 00   .....'..1'......
0x00104020: 01 00 00 00 01 00 00 00 c0 3b 10 00 00 00 00 00   .........;......
0x00104030: 00 00 00 00 00 00 00 00 00 00 00 00 00 00 00 00   ................
...
event_log:
0x00105000: 00 00 00 00 00 00 00 50 00 30 10 00 00 00 00 00   .......P.0......
0x00105010: 00 00 00 00 00 00 00 00 00 00 00 00 00 00 00 00   ................
...
skl_main() is about to exit
pm_kernel_entry:
0x01899ca0: fa fc 8d 83 08 a2 00 00 01 40 02 0f 01 10 b8 10   .........@......
0x01899cb0: 00 00 00 8e d8 8e c0 8e e0 8e e8 8e d0 8d a3 38   ...............8
0x01899cc0: 3d 00 00 8d 83 2d 00 00 00 6a 08 50 cb 89 93 40   =....-...j.P...@
0x01899cd0: a2 00 00 53 51 b8 01 00 00 00 0f a2 f7 c1 40 00   ...SQ.........@.
0x01899ce0: 00 00 74 78 59 5b c7 83 38 a2 00 00 02 00 00 00   ..txY[..8.......
0x01899cf0: e8 8b 00 00 00 ff 83 50 a2 00 00 53 31 db b8 07   .......P...S1...
0x01899d00: 00 00 00 0f 37 5b c7 05 30 00 d2 fe 00 00 00 00   ....7[..0.......
0x01899d10: c7 05 08 00 d2 fe ff ff ff ff a1 00 03 d2 fe 8b   ................
0x01899d20: 08 8d 44 08 08 e8 c6 00 00 00 8b 70 04 89 98 34   ..D........p...4
0x01899d30: 02 00 00 8b b8 20 02 00 00 89 bb 54 a2 00 00 c7   ..... .....T....
0x01899d40: 80 38 02 00 00 08 00 00 00 50 e8 b1 02 00 00 e8   .8.......P......
0x01899d50: 8c 03 00 00 5f e8 26 03 00 00 eb 1b b8 01 00 00   ...._.&.........
0x01899d60: 80 0f a2 f7 c1 00 10 00 00 74 11 59 5b c7 83 38   .........t.Y[..8
0x01899d70: a2 00 00 01 00 00 00 e9 84 62 76 ff 0f 0b 66 90   .........bv...f.
0x01899d80: 8b 01 25 00 f0 ff ff 8b 00 25 00 f0 ff ff 8b 00   ..%......%......
0x01899d90: 25 00 f0 ff ff 89 83 3c a2 00 00 c3 0f 1f 40 00   %......<......@.
zero_page:
0x0008b000: 00 00 00 80 00 00 03 50 00 00 00 00 00 00 19 01   .......P........
0x0008b010: 10 00 00 00 00 00 00 00 00 00 00 00 00 00 00 00   ................
0x0008b020: 3f a3 00 10 00 00 00 00 00 00 00 00 00 00 00 00   ?...............
0x0008b030: 00 00 00 00 00 00 00 00 00 00 00 00 00 00 00 00   ................
...
0x0008b1e0: 00 80 00 00 00 00 00 00 08 00 00 00 00 00 00 00   ................
0x0008b1f0: 00 1b 01 00 f4 a3 08 00 00 00 ff ff 00 00 00 00   ................
0x0008b200: eb 6a 48 64 72 53 0f 02 00 00 00 00 00 10 a0 32   .jHdrS.........2
0x0008b210: 72 81 00 80 00 00 00 01 00 00 00 00 00 00 00 00   r...............
0x0008b220: 00 00 00 00 00 8e 00 00 00 f0 08 00 ff ff ff 7f   ................
0x0008b230: 00 00 20 00 01 15 6b 00 ff 07 00 00 00 00 00 00   .. ...k.........
0x0008b240: 00 00 00 00 00 00 00 00 48 05 00 00 03 ff 88 00   ........H.......
0x0008b250: 00 00 00 00 00 00 00 00 00 00 00 01 00 00 00 00   ................
0x0008b260: 00 b0 d4 01 90 01 00 00 00 05 00 00 00 00 00 00   ................
0x0008b270: 00 00 00 00 00 00 00 00 00 00 00 00 00 00 00 00   ................
skl_base:
0x00100000: 90 02 58 80 00 80 ef be ad de cc cc cc cc cc cc   ..X.............
0x00100010: cc cc cc cc cc cc cc cc cc cc cc cc cc cc cc cc   ................
0x00100020: cc cc cc cc cc cc cc cc cc cc cc cc cc cc cc cc   ................
0x00100030: cc cc cc cc cc cc cc cc cc cc cc cc cc cc cc cc   ................
0x00100040: cc cc cc cc cc cc cc cc cc cc cc cc cc cc cc cc   ................
0x00100050: cc cc cc cc cc cc cc cc cc cc cc cc cc cc cc cc   ................
0x00100060: cc cc cc cc cc cc cc cc cc cc cc cc cc cc cc cc   ................
0x00100070: cc cc cc cc cc cc cc cc cc cc cc cc cc cc cc cc   ................
0x00100080: cc cc cc cc cc cc cc cc cc cc cc cc cc cc cc cc   ................
0x00100090: cc cc cc cc cc cc cc cc cc cc cc cc cc cc cc cc   ................
0x001000a0: f2 78 71 c6 a1 bc f0 5b 4f 01 af 6c 3c 24 10 00   .xq....[O..l<$..
0x001000b0: 30 16 51 f3 c0 b4 55 76 e0 47 92 2f b8 30 10 00   0.Q...Uv.G./.0..
0x001000c0: 00 00 00 00 38 00 00 00 ac 3b 10 00 0b 33 10 00   ....8....;...3..
0x001000d0: 40 00 00 00 80 36 10 00 e0 00 10 00 40 00 00 00   @....6......@...
0x001000e0: 65 ce fe de 0d 48 a1 2c e0 3b 10 00 e0 3b 10 00   e....H.,.;...;..
0x001000f0: 6e 01 10 00 21 3c 10 00 21 3c 10 00 5c 2a 10 00   n...!<..!<..\*..
bootloader_data:
0x00108058: 0f 04 52 00 21 24 0b 00 cc 3e 9d 63 15 31 ce 18   ..R.!$...>.c.1..
0x00108068: 0e 3e d0 c4 2b 34 60 93 0c 34 e9 24 45 77 75 73   .>..+4`..4.$Ewus
0x00108078: db 40 96 cd e6 cd 9f b8 21 18 04 00 38 aa 4c e9   .@......!...8.L.
0x00108088: ba 52 d6 f6 58 28 aa 71 ec 9b c8 c7 e9 4c 7d 6b   .R..X(.q.....L}k
0x00108098: 10 06 00 b0 08 00 20 0a 00 c0 e8 cf 00 10 00 00   ...... .........
0x001080a8: 00 02 80 01 3e 00 80 01 3f 00 80 01 40 00 80 01   ....>...?...@...
TPM event log:
0xcfe8c000: 00 00 00 00 03 00 00 00 00 00 00 00 00 00 00 00   ................
0xcfe8c010: 00 00 00 00 00 00 00 00 00 00 00 00 39 00 00 00   ............9...
0xcfe8c020: 53 70 65 63 20 49 44 20 45 76 65 6e 74 30 33 00   Spec ID Event03.
0xcfe8c030: 00 00 00 00 00 02 00 02 02 00 00 00 04 00 14 00   ................
0xcfe8c040: 0b 00 20 00 14 00 c0 e8 cf 00 00 00 00 00 10 00   .. .............
0xcfe8c050: 00 00 00 00 00 74 01 00 00 11 00 00 00 02 05 00   .....t..........
0xcfe8c060: 00 02 00 00 00 04 00 38 aa 4c e9 ba 52 d6 f6 58   .......8.L..R..X
0xcfe8c070: 28 aa 71 ec 9b c8 c7 e9 4c 7d 6b 0b 00 cc 3e 9d   (.q.....L}k...>.
0xcfe8c080: 63 15 31 ce 18 0e 3e d0 c4 2b 34 60 93 0c 34 e9   c.1...>..+4`..4.
0xcfe8c090: 24 45 77 75 73 db 40 96 cd e6 cd 9f b8 06 00 00   $Ewus.@.........
0xcfe8c0a0: 00 53 4b 49 4e 49 54 12 00 00 00 02 05 00 00 02   .SKINIT.........
0xcfe8c0b0: 00 00 00 04 00 44 b6 98 d6 93 b8 5b 21 9b 87 0a   .....D.....[!...
0xcfe8c0c0: 43 a9 bf 27 af 8f 58 b7 35 0b 00 4a 9d bd 0c 02   C..'..X.5..J....
0xcfe8c0d0: b0 fb 79 c5 79 8a 53 2a 67 eb f7 91 8b 3d 87 6f   ..y.y.S*g....=.o
0xcfe8c0e0: cb db 03 08 c3 cb 27 f1 92 c4 f4 23 00 00 00 4d   ......'....#...M
0xcfe8c0f0: 65 61 73 75 72 65 64 20 62 6f 6f 74 6c 6f 61 64   easured bootload
0xcfe8c100: 65 72 20 64 61 74 61 20 69 6e 74 6f 20 50 43 52   er data into PCR
0xcfe8c110: 31 38 11 00 00 00 02 05 00 00 02 00 00 00 04 00   18..............
0xcfe8c120: 2e aa bb 1b 57 52 6c cf 6a 44 4c 3b ed 31 49 19   ....WRl.jDL;.1I.
0xcfe8c130: c5 78 58 ba 0b 00 a6 cd 2c aa c9 34 d6 cf 7b 44   .xX.....,..4..{D
0xcfe8c140: de 87 43 04 33 54 27 70 1c d7 80 97 7a 5e f7 7a   ..C.3T'p....z^.z
0xcfe8c150: 42 50 93 8b 7f 3f 1a 00 00 00 4d 65 61 73 75 72   BP...?....Measur
0xcfe8c160: 65 64 20 4b 65 72 6e 65 6c 20 69 6e 74 6f 20 50   ed Kernel into P
0xcfe8c170: 43 52 31 37 00 00 00 00 00 00 00 00 00 00 00 00   CR17............
0xcfe8c180: 00 00 00 00 00 00 00 00 00 00 00 00 00 00 00 00   ................
...
skl_main() is about to exit
Wrong EFI loader signature.
early console in extract_kernel
input_data: 0x000000000247a548
input_len: 0x000000000088ff03
output: 0x0000000001000000
output_len: 0x0000000001cccad0
kernel_total_size: 0x0000000001a30000
needed_size: 0x0000000001e00000
trampoline_32bit: 0x000000000009d000
Physical KASLR using RDTSC...
Virtual KASLR using RDTSC...

Decompressing Linux... Parsing ELF... Performing relocations... done.
Booting the kernel.
[    0.000000] Linux version 5.13.0-yocto-standard (oe-user@oe-host) (x86_64-fobnail-linux-gcc (GCC) 11.2.0, GNU ld (GNU Binutils) 2.37.20210721) #1 SMP PREEMPT Wed Oct 20 14:55:36 UTC 2021
[    0.000000] Command line: BOOT_IMAGE=/bzImage root=/dev/sda2 console=ttyS0,115200 earlyprintk=serial,ttyS0,115200
[    0.000000] x86/fpu: Supporting XSAVE feature 0x001: 'x87 floating point registers'
[    0.000000] x86/fpu: Supporting XSAVE feature 0x002: 'SSE registers'
[    0.000000] x86/fpu: Supporting XSAVE feature 0x004: 'AVX registers'
[    0.000000] x86/fpu: xstate_offset[2]:  576, xstate_sizes[2]:  256
[    0.000000] x86/fpu: Enabled xstate features 0x7, context size is 832 bytes, using 'standard' format.
[    0.000000] BIOS-provided physical RAM map:
[    0.000000] BIOS-e820: [mem 0x0000000000000000-0x000000000009fbff] usable
[    0.000000] BIOS-e820: [mem 0x000000000009fc00-0x000000000009ffff] reserved
[    0.000000] BIOS-e820: [mem 0x00000000000f0000-0x00000000000fffff] reserved
[    0.000000] BIOS-e820: [mem 0x0000000000100000-0x00000000cfe89fff] usable
[    0.000000] BIOS-e820: [mem 0x00000000cfe8a000-0x00000000cfffffff] reserved
[    0.000000] BIOS-e820: [mem 0x00000000f8000000-0x00000000fbffffff] reserved
[    0.000000] BIOS-e820: [mem 0x00000000fed40000-0x00000000fed44fff] reserved
[    0.000000] BIOS-e820: [mem 0x0000000100000000-0x000000012effffff] usable
[    0.000000] printk: bootconsole [earlyser0] enabled
[    0.000000] NX (Execute Disable) protection: active
[    0.000000] SMBIOS 2.8 present.
[    0.000000] DMI: PC Engines apu2/apu2, BIOS v4.12.0.3 07/30/2020
[    0.000000] tsc: Fast TSC calibration using PIT
[    0.000000] tsc: Detected 998.039 MHz processor
[    0.000400] last_pfn = 0x12f000 max_arch_pfn = 0x400000000
[    0.006704] x86/PAT: Configuration [0-7]: WB  WC  UC- UC  WB  WP  UC- WT
Memory KASLR using RDTSC...
[    0.017002] last_pfn = 0xcfe8a max_arch_pfn = 0x400000000
[    0.031601] found SMP MP-table at [mem 0x000f38e0-0x000f38ef]
[    0.037272] Using GB pages for direct mapping
[    0.042873] ACPI: Early table checksum verification disabled
[    0.048363] ACPI: RSDP 0x00000000000F3AF0 000024 (v02 COREv4)
[    0.054079] ACPI: XSDT 0x00000000CFE9D0E0 00007C (v01 COREv4 COREBOOT 00000000 CORE 20180531)
[    0.062581] ACPI: FACP 0x00000000CFE9EE40 000114 (v06 COREv4 COREBOOT 00000000 CORE 20180531)
[    0.071078] ACPI: DSDT 0x00000000CFE9D280 001BB3 (v02 COREv4 COREBOOT 00010001 INTL 20180531)
[    0.079561] ACPI: FACS 0x00000000CFE9D240 000040
[    0.084166] ACPI: SSDT 0x00000000CFE9EF60 0001EF (v02 COREv4 COREBOOT 0000002A CORE 20180531)
[    0.092649] ACPI: MCFG 0x00000000CFE9F150 00003C (v01 COREv4 COREBOOT 00000000 CORE 20180531)
[    0.101143] ACPI: TPM2 0x00000000CFE9F190 00004C (v04 COREv4 COREBOOT 00000000 CORE 20180531)
[    0.109639] ACPI: APIC 0x00000000CFE9F1E0 00007E (v03 COREv4 COREBOOT 00000000 CORE 20180531)
[    0.118132] ACPI: HEST 0x00000000CFE9F260 0001D0 (v01 COREv4 COREBOOT 00000000 CORE 20180531)
[    0.126626] ACPI: IVRS 0x00000000CFE9F430 0000D0 (v01 COREv4 COREBOOT 00000000 CORE 20180531)
[    0.135120] ACPI: SSDT 0x00000000CFE9F500 0048A6 (v02 AMD    AGESA    00000002 MSFT 04000000)
[    0.143615] ACPI: SSDT 0x00000000CFEA3DB0 0007C8 (v01 AMD    AGESA    00000001 AMD  00000001)
[    0.152108] ACPI: DRTM 0x00000000CFEA4580 00007C (v01 COREv4 COREBOOT 00000000 CORE 20180531)
[    0.160602] ACPI: HPET 0x00000000CFEA4600 000038 (v01 COREv4 COREBOOT 00000000 CORE 20180531)
[    0.169116] ACPI: Reserving FACP table memory at [mem 0xcfe9ee40-0xcfe9ef53]
[    0.176124] ACPI: Reserving DSDT table memory at [mem 0xcfe9d280-0xcfe9ee32]
[    0.183142] ACPI: Reserving FACS table memory at [mem 0xcfe9d240-0xcfe9d27f]
[    0.190180] ACPI: Reserving SSDT table memory at [mem 0xcfe9ef60-0xcfe9f14e]
[    0.197174] ACPI: Reserving MCFG table memory at [mem 0xcfe9f150-0xcfe9f18b]
[    0.204210] ACPI: Reserving TPM2 table memory at [mem 0xcfe9f190-0xcfe9f1db]
[    0.211216] ACPI: Reserving APIC table memory at [mem 0xcfe9f1e0-0xcfe9f25d]
[    0.218236] ACPI: Reserving HEST table memory at [mem 0xcfe9f260-0xcfe9f42f]
[    0.225272] ACPI: Reserving IVRS table memory at [mem 0xcfe9f430-0xcfe9f4ff]
[    0.232302] ACPI: Reserving SSDT table memory at [mem 0xcfe9f500-0xcfea3da5]
[    0.239303] ACPI: Reserving SSDT table memory at [mem 0xcfea3db0-0xcfea4577]
[    0.246331] ACPI: Reserving DRTM table memory at [mem 0xcfea4580-0xcfea45fb]
[    0.253340] ACPI: Reserving HPET table memory at [mem 0xcfea4600-0xcfea4637]
[    0.260552] Zone ranges:
[    0.262917]   DMA      [mem 0x0000000000001000-0x0000000000ffffff]
[    0.269071]   DMA32    [mem 0x0000000001000000-0x00000000ffffffff]
[    0.275244]   Normal   [mem 0x0000000100000000-0x000000012effffff]
[    0.281389] Movable zone start for each node
[    0.285625] Early memory node ranges
[    0.289179]   node   0: [mem 0x0000000000001000-0x000000000009efff]
[    0.295420]   node   0: [mem 0x0000000000100000-0x00000000cfe89fff]
[    0.301661]   node   0: [mem 0x0000000100000000-0x000000012effffff]
[    0.307906] Initmem setup node 0 [mem 0x0000000000001000-0x000000012effffff]
[    0.316999]   DMA zone: 28770 pages in unavailable ranges
[    0.361954]   DMA32 zone: 374 pages in unavailable ranges
[    0.376798]   Normal zone: 4096 pages in unavailable ranges
[    0.382381] ACPI: PM-Timer IO Port: 0x818
[    0.386251] ACPI: LAPIC_NMI (acpi_id[0xff] high edge lint[0x1])
[    0.392132] IOAPIC[0]: apic_id 4, version 33, address 0xfec00000, GSI 0-23
[    0.398967] IOAPIC[1]: apic_id 5, version 33, address 0xfec20000, GSI 24-55
[    0.405899] ACPI: INT_SRC_OVR (bus 0 bus_irq 0 global_irq 2 dfl dfl)
[    0.412225] ACPI: INT_SRC_OVR (bus 0 bus_irq 9 global_irq 9 low level)
[    0.418748] Using ACPI (MADT) for SMP configuration information
[    0.424638] ACPI: HPET id: 0x10228201 base: 0xfed00000
[    0.429773] smpboot: Allowing 4 CPUs, 0 hotplug CPUs
[    0.434709] [mem 0xd0000000-0xf7ffffff] available for PCI devices
[    0.440739] Booting paravirtualized kernel on bare hardware
[    0.446303] clocksource: refined-jiffies: mask: 0xffffffff max_cycles: 0xffffffff, max_idle_ns: 1910969940391419 ns
[    0.456712] setup_percpu: NR_CPUS:64 nr_cpumask_bits:64 nr_cpu_ids:4 nr_node_ids:1
[    0.466178] percpu: Embedded 54 pages/cpu s183448 r8192 d29544 u524288
[    0.472725] Built 1 zonelists, mobility grouping on.  Total pages: 1027535
[    0.479434] Kernel command line: BOOT_IMAGE=/bzImage root=/dev/sda2 console=ttyS0,115200 earlyprintk=serial,ttyS0,115200
[    0.493498] Dentry cache hash table entries: 524288 (order: 10, 4194304 bytes, linear)
[    0.502799] Inode-cache hash table entries: 262144 (order: 9, 2097152 bytes, linear)
[    0.510528] slaunch: AMD SKINIT setup complete
[    0.514858] mem auto-init: stack:off, heap alloc:off, heap free:off
[    0.637387] Memory: 4009540K/4176032K available (14347K kernel code, 2143K rwdata, 3352K rodata, 1760K init, 2096K bss, 166232K reserved, 0K cma-reserved)
[    0.651226] SLUB: HWalign=64, Order=0-3, MinObjects=0, CPUs=4, Nodes=1
[    0.657616] ftrace: allocating 42886 entries in 168 pages
[    0.740024] ftrace: allocated 168 pages with 3 groups
[    0.745386] rcu: Preemptible hierarchical RCU implementation.
[    0.750963] rcu: 	RCU restricting CPUs from NR_CPUS=64 to nr_cpu_ids=4.
[    0.757551] 	Trampoline variant of Tasks RCU enabled.
[    0.762586] 	Rude variant of Tasks RCU enabled.
[    0.767084] 	Tracing variant of Tasks RCU enabled.
[    0.771862] rcu: RCU calculated value of scheduler-enlistment delay is 100 jiffies.
[    0.779479] rcu: Adjusting geometry for rcu_fanout_leaf=16, nr_cpu_ids=4
[    0.818128] NR_IRQS: 4352, nr_irqs: 1000, preallocated irqs: 16
[    0.824699] random: get_random_bytes called from start_kernel+0x394/0x551 with crng_init=0
[    0.825275] Console: colour dummy device 80x25
[    0.837822] printk: console [ttyS0] enabled
[    0.837822] printk: console [ttyS0] enabled
[    0.846132] printk: bootconsole [earlyser0] disabled
[    0.846132] printk: bootconsole [earlyser0] disabled
[    0.856048] ACPI: Core revision 20210331
[    0.860498] clocksource: hpet: mask: 0xffffffff max_cycles: 0xffffffff, max_idle_ns: 133484873504 ns
[    0.869696] APIC: Switch to symmetric I/O mode setup
[    0.875565] ..TIMER: vector=0x30 apic1=0 pin1=2 apic2=0 pin2=0
[    0.885725] clocksource: tsc-early: mask: 0xffffffffffffffff max_cycles: 0x1cc5b56cdcd, max_idle_ns: 881590595362 ns
[    0.896273] Calibrating delay loop (skipped), value calculated using timer frequency.. 1996.07 BogoMIPS (lpj=998039)
[    0.897276] pid_max: default: 32768 minimum: 301
[    0.898329] LSM: Security Framework initializing
[    0.899380] Mount-cache hash table entries: 8192 (order: 4, 65536 bytes, linear)
[    0.901334] Mountpoint-cache hash table entries: 8192 (order: 4, 65536 bytes, linear)
Poking KASLR using RDTSC...
[    0.906671] LVT offset 1 assigned for vector 0xf9
[    0.907311] Last level iTLB entries: 4KB 512, 2MB 8, 4MB 4
[    0.908275] Last level dTLB entries: 4KB 512, 2MB 256, 4MB 128, 1GB 0
[    0.909278] Spectre V1 : Mitigation: usercopy/swapgs barriers and __user pointer sanitization
[    0.910277] Spectre V2 : Mitigation: Full AMD retpoline
[    0.911274] Spectre V2 : Spectre v2 / SpectreRSB mitigation: Filling RSB on context switch
[    0.912277] Speculative Store Bypass: Mitigation: Speculative Store Bypass disabled via prctl and seccomp
[    0.927192] Freeing SMP alternatives memory: 40K
[    1.030138] smpboot: CPU0: AMD GX-412TC SOC (family: 0x16, model: 0x30, stepping: 0x1)
[    1.032149] Performance Events: AMD PMU driver.
[    1.032278] ... version:                0
[    1.033275] ... bit width:              48
[    1.034275] ... generic registers:      4
[    1.035284] ... value mask:             0000ffffffffffff
[    1.036275] ... max period:             00007fffffffffff
[    1.037275] ... fixed-purpose events:   0
[    1.038275] ... event mask:             000000000000000f
[    1.040378] rcu: Hierarchical SRCU implementation.
[    1.043533] MCE: In-kernel MCE decoding enabled.
[    1.045447] smp: Bringing up secondary CPUs ...
[    1.047568] x86: Booting SMP configuration:
[    1.048279] .... node  #0, CPUs:      #1
[    0.064690] __common_interrupt: 1.55 No irq handler for vector
[    1.060924]  #2
[    0.064690] __common_interrupt: 2.55 No irq handler for vector
[    1.070803]  #3
[    0.064690] __common_interrupt: 3.55 No irq handler for vector
[    1.079346] smp: Brought up 1 node, 4 CPUs
[    1.080286] smpboot: Max logical packages: 1
[    1.081277] smpboot: Total of 4 processors activated (7984.31 BogoMIPS)
[    1.085372] devtmpfs: initialized
[    1.088283] clocksource: jiffies: mask: 0xffffffff max_cycles: 0xffffffff, max_idle_ns: 1911260446275000 ns
[    1.089285] futex hash table entries: 1024 (order: 4, 65536 bytes, linear)
[    1.090440] pinctrl core: initialized pinctrl subsystem
[    1.091900] NET: Registered protocol family 16
[    1.092881] thermal_sys: Registered thermal governor 'step_wise'
[    1.092887] thermal_sys: Registered thermal governor 'user_space'
[    1.094297] cpuidle: using governor menu
[    1.104368] ACPI: bus type PCI registered
[    1.108536] PCI: MMCONFIG for domain 0000 [bus 00-40] at [mem 0xf8000000-0xfc0fffff] (base 0xf8000000)
[    1.118281] PCI: MMCONFIG at [mem 0xf8000000-0xfc0fffff] reserved in E820
[    1.124278] PCI: MMCONFIG for 0000 [bus00-1f] at [mem 0xf8000000-0xf9ffffff] (base 0xf8000000) (size reduced!)
[    1.134313] PCI: Using configuration type 1 for base access
[    1.140613] mtrr: your CPUs had inconsistent variable MTRR settings
[    1.147276] mtrr: probably your BIOS does not setup all CPUs.
[    1.153274] mtrr: corrected configuration.
[    1.164427] Kprobes globally optimized
[    1.190509] raid6: sse2x4   gen()  2463 MB/s
[    1.211538] raid6: sse2x4   xor()  1015 MB/s
[    1.232511] raid6: sse2x2   gen()  2039 MB/s
[    1.253535] raid6: sse2x2   xor()  1359 MB/s
[    1.274541] raid6: sse2x1   gen()  1671 MB/s
[    1.295542] raid6: sse2x1   xor()   727 MB/s
[    1.300286] raid6: using algorithm sse2x4 gen() 2463 MB/s
[    1.305276] raid6: .... xor() 1015 MB/s, rmw enabled
[    1.310276] raid6: using ssse3x2 recovery algorithm
[    1.315338] ACPI: Added _OSI(Module Device)
[    1.319277] ACPI: Added _OSI(Processor Device)
[    1.324276] ACPI: Added _OSI(3.0 _SCP Extensions)
[    1.329276] ACPI: Added _OSI(Processor Aggregator Device)
[    1.334277] ACPI: Added _OSI(Linux-Dell-Video)
[    1.338277] ACPI: Added _OSI(Linux-Lenovo-NV-HDMI-Audio)
[    1.344277] ACPI: Added _OSI(Linux-HPI-Hybrid-Graphics)
[    1.366287] ACPI: 4 ACPI AML tables successfully acquired and loaded
[    1.382506] ACPI: Interpreter enabled
[    1.386326] ACPI: (supports S0 S1 S5)
[    1.390278] ACPI: Using IOAPIC for interrupt routing
[    1.395319] PCI: Using host bridge windows from ACPI; if necessary, use "pci=nocrs" and report a bug
[    1.404738] ACPI: Enabled 7 GPEs in block 00 to 1F
[    1.423321] ACPI: PCI Root Bridge [PCI0] (domain 0000 [bus 00-ff])
[    1.429291] acpi PNP0A08:00: _OSC: OS supports [ExtendedConfig ASPM ClockPM Segments MSI HPX-Type3]
[    1.439445] acpi PNP0A08:00: _OSC: OS now controls [PME AER PCIeCapability LTR]
[    1.446283] acpi PNP0A08:00: [Firmware Info]: MMCONFIG for domain 0000 [bus 00-1f] only partially covers this bridge
[    1.457432] acpi PNP0A08:00: host bridge window expanded to [io  0x0000-0x0cf7 window]; [io  0x03b0-0x03df window] ignored
[    1.468471] PCI host bridge to bus 0000:00
[    1.472278] pci_bus 0000:00: root bus resource [io  0x0000-0x0cf7 window]
[    1.479276] pci_bus 0000:00: root bus resource [io  0x0d00-0xffff window]
[    1.486276] pci_bus 0000:00: root bus resource [mem 0x000a0000-0x000bffff]
[    1.493276] pci_bus 0000:00: root bus resource [mem 0x000c0000-0x000dffff]
[    1.500277] pci_bus 0000:00: root bus resource [mem 0xd0000000-0xffffffff]
[    1.506278] pci_bus 0000:00: root bus resource [bus 00-ff]
[    1.512311] pci 0000:00:00.0: [1022:1566] type 00 class 0x060000
[    1.518509] pci 0000:00:00.2: [1022:1567] type 00 class 0x080600
[    1.525648] pci 0000:00:02.0: [1022:156b] type 00 class 0x060000
[    1.531593] pci 0000:00:02.2: [1022:1439] type 01 class 0x060400
[    1.537364] pci 0000:00:02.2: enabling Extended Tags
[    1.542364] pci 0000:00:02.2: PME# supported from D0 D3hot D3cold
[    1.549762] pci 0000:00:02.3: [1022:1439] type 01 class 0x060400
[    1.555365] pci 0000:00:02.3: enabling Extended Tags
[    1.560386] pci 0000:00:02.3: PME# supported from D0 D3hot D3cold
[    1.566793] pci 0000:00:02.4: [1022:1439] type 01 class 0x060400
[    1.573337] pci 0000:00:02.4: enabling Extended Tags
[    1.578360] pci 0000:00:02.4: PME# supported from D0 D3hot D3cold
[    1.584649] pci 0000:00:08.0: [1022:1537] type 00 class 0x108000
[    1.591297] pci 0000:00:08.0: reg 0x10: [mem 0xf7f80000-0xf7f9ffff 64bit pref]
[    1.598285] pci 0000:00:08.0: reg 0x18: [mem 0xf7d00000-0xf7dfffff]
[    1.604284] pci 0000:00:08.0: reg 0x1c: [mem 0xf7fa4000-0xf7fa4fff]
[    1.611317] pci 0000:00:08.0: reg 0x20: [mem 0xf7e00000-0xf7efffff]
[    1.617283] pci 0000:00:08.0: reg 0x24: [mem 0xf7fa0000-0xf7fa1fff]
[    1.623568] pci 0000:00:10.0: [1022:7814] type 00 class 0x0c0330
[    1.630307] pci 0000:00:10.0: reg 0x10: [mem 0xf7fa2000-0xf7fa3fff 64bit]
[    1.636424] pci 0000:00:10.0: PME# supported from D0 D3hot D3cold
[    1.643761] pci 0000:00:11.0: [1022:7801] type 00 class 0x010601
[    1.649321] pci 0000:00:11.0: reg 0x10: [io  0x4010-0x4017]
[    1.655286] pci 0000:00:11.0: reg 0x14: [io  0x4020-0x4023]
[    1.660286] pci 0000:00:11.0: reg 0x18: [io  0x4018-0x401f]
[    1.666286] pci 0000:00:11.0: reg 0x1c: [io  0x4024-0x4027]
[    1.672315] pci 0000:00:11.0: reg 0x20: [io  0x4000-0x400f]
[    1.677293] pci 0000:00:11.0: reg 0x24: [mem 0xf7fa5000-0xf7fa53ff]
[    1.684394] pci 0000:00:11.0: PME# supported from D3hot
[    1.689344] pci 0000:00:13.0: [1022:7808] type 00 class 0x0c0320
[    1.695297] pci 0000:00:13.0: reg 0x10: [mem 0xf7fa6000-0xf7fa60ff]
[    1.702386] pci 0000:00:13.0: supports D1 D2
[    1.706277] pci 0000:00:13.0: PME# supported from D0 D1 D2 D3hot D3cold
[    1.713660] pci 0000:00:14.0: [1022:780b] type 00 class 0x0c0500
[    1.719631] pci 0000:00:14.3: [1022:780e] type 00 class 0x060100
[    1.726705] pci 0000:00:14.7: [1022:7813] type 00 class 0x080501
[    1.732326] pci 0000:00:14.7: reg 0x10: [mem 0xf7fa7000-0xf7fa70ff 64bit]
[    1.739443] pci 0000:00:18.0: [1022:1580] type 00 class 0x060000
[    1.745685] pci 0000:00:18.1: [1022:1581] type 00 class 0x060000
[    1.752546] pci 0000:00:18.2: [1022:1582] type 00 class 0x060000
[    1.758570] pci 0000:00:18.3: [1022:1583] type 00 class 0x060000
[    1.765756] pci 0000:00:18.4: [1022:1584] type 00 class 0x060000
[    1.771456] pci 0000:00:18.5: [1022:1585] type 00 class 0x060000
[    1.777774] pci 0000:01:00.0: [8086:157b] type 00 class 0x020000
[    1.784308] pci 0000:01:00.0: reg 0x10: [mem 0xf7a00000-0xf7a1ffff]
[    1.790335] pci 0000:01:00.0: reg 0x18: [io  0x1000-0x101f]
[    1.796292] pci 0000:01:00.0: reg 0x1c: [mem 0xf7a20000-0xf7a23fff]
[    1.802479] pci 0000:01:00.0: PME# supported from D0 D3hot D3cold
[    1.809507] pci 0000:00:02.2: PCI bridge to [bus 01]
[    1.814284] pci 0000:00:02.2:   bridge window [io  0x1000-0x1fff]
[    1.820281] pci 0000:00:02.2:   bridge window [mem 0xf7a00000-0xf7afffff]
[    1.827449] pci 0000:02:00.0: [8086:157b] type 00 class 0x020000
[    1.833307] pci 0000:02:00.0: reg 0x10: [mem 0xf7b00000-0xf7b1ffff]
[    1.839285] pci 0000:02:00.0: reg 0x18: [io  0x2000-0x201f]
[    1.845292] pci 0000:02:00.0: reg 0x1c: [mem 0xf7b20000-0xf7b23fff]
[    1.851373] pci 0000:02:00.0: PME# supported from D0 D3hot D3cold
[    1.857500] pci 0000:00:02.3: PCI bridge to [bus 02]
[    1.863284] pci 0000:00:02.3:   bridge window [io  0x2000-0x2fff]
[    1.869278] pci 0000:00:02.3:   bridge window [mem 0xf7b00000-0xf7bfffff]
[    1.876444] pci 0000:03:00.0: [8086:157b] type 00 class 0x020000
[    1.882309] pci 0000:03:00.0: reg 0x10: [mem 0xf7c00000-0xf7c1ffff]
[    1.888307] pci 0000:03:00.0: reg 0x18: [io  0x3000-0x301f]
[    1.894318] pci 0000:03:00.0: reg 0x1c: [mem 0xf7c20000-0xf7c23fff]
[    1.900294] pci 0000:03:00.0: PME# supported from D0 D3hot D3cold
[    1.906527] pci 0000:00:02.4: PCI bridge to [bus 03]
[    1.912284] pci 0000:00:02.4:   bridge window [io  0x3000-0x3fff]
[    1.918281] pci 0000:00:02.4:   bridge window [mem 0xf7c00000-0xf7cfffff]
[    1.926050] ACPI: PCI: Interrupt link INTA configured for IRQ 3
[    1.932442] ACPI: PCI: Interrupt link INTB configured for IRQ 3
[    1.938307] ACPI: PCI: Interrupt link INTC configured for IRQ 5
[    1.944445] ACPI: PCI: Interrupt link INTD configured for IRQ 7
[    1.950469] ACPI: PCI: Interrupt link INTE configured for IRQ 11
[    1.957435] ACPI: PCI: Interrupt link INTF configured for IRQ 10
[    1.963435] ACPI: PCI: Interrupt link INTG configured for IRQ 0
[    1.969435] ACPI: PCI: Interrupt link INTH configured for IRQ 0
[    1.976402] vgaarb: loaded
[    1.979525] SCSI subsystem initialized
[    1.983361] ACPI: bus type USB registered
[    1.987368] usbcore: registered new interface driver usbfs
[    1.993305] usbcore: registered new interface driver hub
[    1.998303] usbcore: registered new device driver usb
[    2.003342] pps_core: LinuxPPS API ver. 1 registered
[    2.008275] pps_core: Software ver. 5.3.6 - Copyright 2005-2007 Rodolfo Giometti <giometti@linux.it>
[    2.017286] PTP clock support registered
[    2.021317] EDAC MC: Ver: 3.0.0
[    2.025466] Advanced Linux Sound Architecture Driver Initialized.
[    2.031906] Bluetooth: Core ver 2.22
[    2.035298] NET: Registered protocol family 31
[    2.040277] Bluetooth: HCI device and connection manager initialized
[    2.046280] Bluetooth: HCI socket layer initialized
[    2.051278] Bluetooth: L2CAP socket layer initialized
[    2.056285] Bluetooth: SCO socket layer initialized
[    2.061374] PCI: Using ACPI for IRQ routing
[    2.067278] hpet0: at MMIO 0xfed00000, IRQs 2, 8, 0
[    2.072279] hpet0: 3 comparators, 32-bit 14.318180 MHz counter
[    2.080441] clocksource: Switched to clocksource tsc-early
[    2.133625] pnp: PnP ACPI init
[    2.137537] system 00:00: [mem 0xfec10002-0xfec11001] has been reserved
[    2.145591] pnp: PnP ACPI: found 4 devices
[    2.164192] clocksource: acpi_pm: mask: 0xffffff max_cycles: 0xffffff, max_idle_ns: 2085701024 ns
[    2.173230] NET: Registered protocol family 2
[    2.178227] IP idents hash table entries: 65536 (order: 7, 524288 bytes, linear)
[    2.188845] tcp_listen_portaddr_hash hash table entries: 2048 (order: 3, 32768 bytes, linear)
[    2.197458] TCP established hash table entries: 32768 (order: 6, 262144 bytes, linear)
[    2.205728] TCP bind hash table entries: 32768 (order: 7, 524288 bytes, linear)
[    2.213427] TCP: Hash tables configured (established 32768 bind 32768)
[    2.220178] UDP hash table entries: 2048 (order: 4, 65536 bytes, linear)
[    2.226989] UDP-Lite hash table entries: 2048 (order: 4, 65536 bytes, linear)
[    2.234391] NET: Registered protocol family 1
[    2.239573] RPC: Registered named UNIX socket transport module.
[    2.245565] RPC: Registered udp transport module.
[    2.250304] RPC: Registered tcp transport module.
[    2.255039] RPC: Registered tcp NFSv4.1 backchannel transport module.
[    2.261575] pci 0000:00:02.2: PCI bridge to [bus 01]
[    2.266618] pci 0000:00:02.2:   bridge window [io  0x1000-0x1fff]
[    2.272741] pci 0000:00:02.2:   bridge window [mem 0xf7a00000-0xf7afffff]
[    2.279608] pci 0000:00:02.3: PCI bridge to [bus 02]
[    2.284609] pci 0000:00:02.3:   bridge window [io  0x2000-0x2fff]
[    2.290740] pci 0000:00:02.3:   bridge window [mem 0xf7b00000-0xf7bfffff]
[    2.297574] pci 0000:00:02.4: PCI bridge to [bus 03]
[    2.302587] pci 0000:00:02.4:   bridge window [io  0x3000-0x3fff]
[    2.308707] pci 0000:00:02.4:   bridge window [mem 0xf7c00000-0xf7cfffff]
[    2.315550] pci_bus 0000:00: resource 4 [io  0x0000-0x0cf7 window]
[    2.321747] pci_bus 0000:00: resource 5 [io  0x0d00-0xffff window]
[    2.327960] pci_bus 0000:00: resource 6 [mem 0x000a0000-0x000bffff]
[    2.334262] pci_bus 0000:00: resource 7 [mem 0x000c0000-0x000dffff]
[    2.340548] pci_bus 0000:00: resource 8 [mem 0xd0000000-0xffffffff]
[    2.346832] pci_bus 0000:01: resource 0 [io  0x1000-0x1fff]
[    2.352420] pci_bus 0000:01: resource 1 [mem 0xf7a00000-0xf7afffff]
[    2.358746] pci_bus 0000:02: resource 0 [io  0x2000-0x2fff]
[    2.364329] pci_bus 0000:02: resource 1 [mem 0xf7b00000-0xf7bfffff]
[    2.370615] pci_bus 0000:03: resource 0 [io  0x3000-0x3fff]
[    2.376250] pci_bus 0000:03: resource 1 [mem 0xf7c00000-0xf7cfffff]
[    2.391044] pci 0000:00:13.0: PME# does not work under D3, disabling it
[    2.397828] PCI: CLS 64 bytes, default 64
[    2.401889] PCI-DMA: Using software bounce buffering for IO (SWIOTLB)
[    2.408360] software IO TLB: mapped [mem 0x00000000cbe8a000-0x00000000cfe8a000] (64MB)
[    2.416414] amd_uncore: 4  amd_nb counters detected
[    2.421330] amd_uncore: 4  amd_l2 counters detected
[    2.426597] LVT offset 0 assigned for vector 0x400
[    2.431614] perf: AMD IBS detected (0x000000ff)
[    2.436414] mce: Machine check injector initialized
[    2.841447] Initialise system trusted keyrings
[    2.846152] workingset: timestamp_bits=46 max_order=20 bucket_order=0
[    2.859783] NFS: Registering the id_resolver key type
[    2.864867] Key type id_resolver registered
[    2.869073] Key type id_legacy registered
[    2.874191] Key type cifs.idmap registered
[    2.925170] xor: automatically using best checksumming function   avx
[    2.932235] Key type asymmetric registered
[    2.936347] Asymmetric key parser 'x509' registered
[    2.941242] Asymmetric key parser 'tpm_parser' registered
[    2.946677] Block layer SCSI generic (bsg) driver version 0.4 loaded (major 250)
[    2.954095] io scheduler mq-deadline registered
[    2.958642] io scheduler kyber registered
[    2.963715] pcieport 0000:00:02.2: PME: Signaling with IRQ 25
[    2.969801] pcieport 0000:00:02.2: AER: enabled with IRQ 25
[    2.975971] pcieport 0000:00:02.3: PME: Signaling with IRQ 27
[    2.982067] pcieport 0000:00:02.3: AER: enabled with IRQ 27
[    2.988300] pcieport 0000:00:02.4: PME: Signaling with IRQ 29
[    2.994399] pcieport 0000:00:02.4: AER: enabled with IRQ 29
[    3.000685] input: Power Button as /devices/LNXSYSTM:00/LNXPWRBN:00/input/input0
[    3.012459] ACPI: button: Power Button [PWRF]
[    3.017028] ACPI: \_PR_.P000: Found 2 idle states
[    3.022198] ACPI: \_PR_.P001: Found 2 idle states
[    3.027364] ACPI: \_PR_.P002: Found 2 idle states
[    3.032389] ACPI: \_PR_.P003: Found 2 idle states
[    3.038843] thermal LNXTHERM:00: registered as thermal_zone0
[    3.044521] ACPI: thermal: Thermal Zone [TZ00] (57 C)
[    3.049967] Serial: 8250/16550 driver, 4 ports, IRQ sharing disabled
[    3.056450] 00:02: ttyS0 at I/O 0x3f8 (irq = 4, base_baud = 115200) is a 16550A
[    3.064079] 00:03: ttyS1 at I/O 0x2f8 (irq = 3, base_baud = 115200) is a 16550A
[    3.071728] serial8250: ttyS2 at I/O 0x3e8 (irq = 4, base_baud = 115200) is a 16550A
[    3.079747] serial8250: ttyS3 at I/O 0x2e8 (irq = 3, base_baud = 115200) is a 16550A
[    3.095254] tpm_tis MSFT0101:00: 2.0 TPM (device-id 0x1A, rev-id 16)
[    3.137043] brd: module loaded
[    3.147302] loop: module loaded
[    3.150532] Uniform Multi-Platform E-IDE driver
[    3.155218] ide-gd driver 1.18
[    3.158313] ide-cd driver 5.00
[    3.162953] ahci 0000:00:11.0: AHCI 0001.0300 32 slots 2 ports 6 Gbps 0x3 impl SATA mode
[    3.171094] ahci 0000:00:11.0: flags: 64bit ncq sntf ilck pm led clo pmp fbs pio slum part
[    3.180618] scsi host0: ahci
[    3.184215] scsi host1: ahci
[    3.187348] ata1: SATA max UDMA/133 abar m1024@0xf7fa5000 port 0xf7fa5100 irq 19
[    3.194761] ata2: SATA max UDMA/133 abar m1024@0xf7fa5000 port 0xf7fa5180 irq 19
[    3.202460] e100: Intel(R) PRO/100 Network Driver
[    3.207183] e100: Copyright(c) 1999-2006 Intel Corporation
[    3.212761] e1000: Intel(R) PRO/1000 Network Driver
[    3.217659] e1000: Copyright (c) 1999-2006 Intel Corporation.
[    3.223467] e1000e: Intel(R) PRO/1000 Network Driver
[    3.228451] e1000e: Copyright(c) 1999 - 2015 Intel Corporation.
[    3.234442] igb: Intel(R) Gigabit Ethernet Network Driver
[    3.239857] igb: Copyright (c) 2007-2014 Intel Corporation.
[    3.275994] pps pps0: new PPS source ptp0
[    3.280259] igb 0000:01:00.0: added PHC on eth0
[    3.284856] igb 0000:01:00.0: Intel(R) Gigabit Ethernet Network Connection
[    3.291749] igb 0000:01:00.0: eth0: (PCIe:2.5Gb/s:Width x1) 00:0d:b9:53:d2:c4
[    3.298902] igb 0000:01:00.0: eth0: PBA No: FFFFFF-0FF
[    3.304055] igb 0000:01:00.0: Using MSI-X interrupts. 4 rx queue(s), 4 tx queue(s)
[    3.342482] pps pps1: new PPS source ptp1
[    3.346715] igb 0000:02:00.0: added PHC on eth1
[    3.351281] igb 0000:02:00.0: Intel(R) Gigabit Ethernet Network Connection
[    3.358166] igb 0000:02:00.0: eth1: (PCIe:2.5Gb/s:Width x1) 00:0d:b9:53:d2:c5
[    3.365319] igb 0000:02:00.0: eth1: PBA No: FFFFFF-0FF
[    3.370474] igb 0000:02:00.0: Using MSI-X interrupts. 4 rx queue(s), 4 tx queue(s)
[    3.408888] pps pps2: new PPS source ptp2
[    3.413134] igb 0000:03:00.0: added PHC on eth2
[    3.417693] igb 0000:03:00.0: Intel(R) Gigabit Ethernet Network Connection
[    3.424589] igb 0000:03:00.0: eth2: (PCIe:2.5Gb/s:Width x1) 00:0d:b9:53:d2:c6
[    3.431746] igb 0000:03:00.0: eth2: PBA No: FFFFFF-0FF
[    3.436902] igb 0000:03:00.0: Using MSI-X interrupts. 4 rx queue(s), 4 tx queue(s)
[    3.444574] ehci_hcd: USB 2.0 'Enhanced' Host Controller (EHCI) Driver
[    3.451119] ehci-pci: EHCI PCI platform driver
[    3.456021] ehci-pci 0000:00:13.0: EHCI Host Controller
[    3.461293] ehci-pci 0000:00:13.0: new USB bus registered, assigned bus number 1
[    3.468715] ehci-pci 0000:00:13.0: applying AMD SB700/SB800/Hudson-2/3 EHCI dummy qh workaround
[    3.477433] ehci-pci 0000:00:13.0: debug port 2
[    3.482010] tsc: Refined TSC clocksource calibration: 998.127 MHz
[    3.484528] ehci-pci 0000:00:13.0: irq 18, io mem 0xf7fa6000
[    3.488137] clocksource: tsc: mask: 0xffffffffffffffff max_cycles: 0x1cc65b93289, max_idle_ns: 881590487074 ns
[    3.500368] ehci-pci 0000:00:13.0: USB 2.0 started, EHCI 1.00
[    3.509636] clocksource: Switched to clocksource tsc
[    3.509640] ata2: SATA link down (SStatus 0 SControl 300)
[    3.514958] hub 1-0:1.0: USB hub found
[    3.520167] ata1: SATA link down (SStatus 0 SControl 300)
[    3.523940] hub 1-0:1.0: 2 ports detected
[    3.533832] ohci_hcd: USB 1.1 'Open' Host Controller (OHCI) Driver
[    3.540061] ohci-pci: OHCI PCI platform driver
[    3.544557] uhci_hcd: USB Universal Host Controller Interface driver
[    3.551240] xhci_hcd 0000:00:10.0: xHCI Host Controller
[    3.556575] xhci_hcd 0000:00:10.0: new USB bus registered, assigned bus number 2
[    3.671391] xhci_hcd 0000:00:10.0: hcc params 0x014040c3 hci version 0x100 quirks 0x0000000000000410
[    3.681618] hub 2-0:1.0: USB hub found
[    3.685419] hub 2-0:1.0: 2 ports detected
[    3.690031] xhci_hcd 0000:00:10.0: xHCI Host Controller
[    3.695287] xhci_hcd 0000:00:10.0: new USB bus registered, assigned bus number 3
[    3.702718] xhci_hcd 0000:00:10.0: Host supports USB 3.0 SuperSpeed
[    3.709071] usb usb3: We don't know the algorithms for LPM for this host, disabling LPM.
[    3.717895] hub 3-0:1.0: USB hub found
[    3.721701] hub 3-0:1.0: 2 ports detected
[    3.726556] usbcore: registered new interface driver usb-storage
[    3.732680] usbcore: registered new interface driver usbserial_generic
[    3.739251] usbserial: USB Serial support registered for generic
[    3.745320] usbcore: registered new interface driver ftdi_sio
[    3.751237] usbserial: USB Serial support registered for FTDI USB Serial Device
[    3.758664] usbcore: registered new interface driver pl2303
[    3.764289] usbserial: USB Serial support registered for pl2303
[    3.770332] i8042: PNP: No PS/2 controller found.
[    3.775070] i8042: Probing ports directly.
[    3.779205] usb 1-1: new high-speed USB device number 2 using ehci-pci
[    3.786874] i8042: No controller found
[    3.788084] random: fast init done
[    3.790927] mousedev: PS/2 mouse device common for all mice
[    3.800125] rtc_cmos 00:01: RTC can wake from S4
[    3.805448] rtc_cmos 00:01: registered as rtc0
[    3.810003] rtc_cmos 00:01: setting system clock to 2022-04-15T15:58:39 UTC (1650038319)
[    3.818200] rtc_cmos 00:01: alarms up to one day, 114 bytes nvram, hpet irqs
[    3.825411] fail to initialize ptp_kvm
[    3.829599] EDAC amd64: MCT channel count: 1
[    3.834249] EDAC MC0: Giving out device to module amd64_edac controller F16h_M30h: DEV 0000:00:18.3 (INTERRUPT)
[    3.844345] EDAC amd64: F16h_M30h detected (node 0).
[    3.849383] EDAC amd64: MC: 0:  4096MB 1:     0MB
[    3.854107] EDAC amd64: MC: 2:     0MB 3:     0MB
[    3.858831] EDAC amd64: MC: 4:     0MB 5:     0MB
[    3.863576] EDAC amd64: MC: 6:     0MB 7:     0MB
[    3.868308] EDAC amd64: MC: 0:     0MB 1:     0MB
[    3.873031] EDAC amd64: MC: 2:     0MB 3:     0MB
[    3.877755] EDAC amd64: MC: 4:     0MB 5:     0MB
[    3.882484] EDAC amd64: MC: 6:     0MB 7:     0MB
[    3.887231] EDAC amd64: using x4 syndromes.
[    3.891532] EDAC PCI0: Giving out device to module amd64_edac controller EDAC PCI controller: DEV 0000:00:18.2 (POLLED)
[    3.902338] AMD64 EDAC driver v3.5.0
[    3.905983] sdhci: Secure Digital Host Controller Interface driver
[    3.912180] sdhci: Copyright(c) Pierre Ossman
[    3.916595] sdhci-pci 0000:00:14.7: SDHCI controller found [1022:7813] (rev 1)
[    3.924827] mmc0: SDHCI controller on PCI [0000:00:14.7] using ADMA 64-bit
[    3.931897] sdhci-pltfm: SDHCI platform and OF driver helper
[    3.938077] usbcore: registered new interface driver usbhid
[    3.943667] usbhid: USB HID core driver
[    3.947577] drop_monitor: Initializing network drop monitor service
[    3.953906] u32 classifier
[    3.956650]     input device check on
[    3.960328]     Actions configured
[    3.964421] NET: Registered protocol family 10
[    3.970156] Segment Routing with IPv6
[    3.973968] sit: IPv6, IPv4 and MPLS over IPv4 tunneling driver
[    3.980516] NET: Registered protocol family 17
[    3.985095] Key type dns_resolver registered
[    3.989438] x86/pm: family 0x16 cpu detected, MSR saving is needed during suspending.
[    3.998124] slaunch: Error failed to find TPM event log
[    3.998124]  - error: 0xc0008022
[    3.998209] invalid opcode: 0000 [#1] PREEMPT SMP NOPTI
[    3.999030] CPU: 1 PID: 1 Comm: swapper/0 Not tainted 5.13.0-yocto-standard #1
[    3.999030] Hardware name: PC Engines apu2/apu2, BIOS v4.12.0.3 07/30/2020
[    3.999030] RIP: 0010:slaunch_skinit_reset+0x1b/0x1d
[    3.999030] Code: c7 c8 f6 df af e8 10 74 00 00 e9 89 14 4e ff 0f 1f 44 00 00 55 48 89 f2 48 89 fe 48 c7 c7 74 f8 df af 48 89 e5 e8 f0 73 00 00 <0f> 0b 83 c8 03 48 c7 c7 e0 f7 df af 89 05 e9 de c9 00 e8 d9 73 00
[    3.999030] RSP: 0018:ffffb7ed40023e50 EFLAGS: 00010246
[    3.999030] RAX: 0000000000000040 RBX: 0000000000000000 RCX: 0000000000000000
[    3.999030] RDX: 0000000000000000 RSI: 00000000ffffffea RDI: 00000000ffffffff
[    3.999030] RBP: ffffb7ed40023e50 R08: ffffffffb00c17e8 R09: 0000000000000003
[    3.999030] R10: ffffffffb0051800 R11: ffffffffb0051800 R12: ffffffffb0270f67
[    3.999030] R13: ffff9bc980160b40 R14: ffffffffb03b1384 R15: 0000000000000000
[    3.999030] FS:  0000000000000000(0000) GS:ffff9bc9aac80000(0000) knlGS:0000000000000000
[    3.999030] CS:  0010 DS: 0000 ES: 0000 CR0: 0000000080050033
[    3.999030] CR2: 0000000000000000 CR3: 000000005d80a000 CR4: 00000000000406e0
[    3.999030] Call Trace:
[    3.999030]  slaunch_module_init+0x40d/0x501
[    3.999030]  ? slaunch_setup_txt+0x4f4/0x4f4
[    3.999030]  do_one_initcall+0x51/0x220
[    3.999030]  kernel_init_freeable+0x1f2/0x241
[    3.999030]  ? rest_init+0xc3/0xc3
[    3.999030]  kernel_init+0xe/0x10d
[    3.999030]  ret_from_fork+0x22/0x30
[    3.999030] Modules linked in:
[    4.144594] ---[ end trace 6340ff4ba3dd3afb ]---
[    4.149263] RIP: 0010:slaunch_skinit_reset+0x1b/0x1d
[    4.154348] Code: c7 c8 f6 df af e8 10 74 00 00 e9 89 14 4e ff 0f 1f 44 00 00 55 48 89 f2 48 89 fe 48 c7 c7 74 f8 df af 48 89 e5 e8 f0 73 00 00 <0f> 0b 83 c8 03 48 c7 c7 e0 f7 df af 89 05 e9 de c9 00 e8 d9 73 00
[    4.173123] RSP: 0018:ffffb7ed40023e50 EFLAGS: 00010246
[    4.178364] RAX: 0000000000000040 RBX: 0000000000000000 RCX: 0000000000000000
[    4.185507] RDX: 0000000000000000 RSI: 00000000ffffffea RDI: 00000000ffffffff
[    4.192697] RBP: ffffb7ed40023e50 R08: ffffffffb00c17e8 R09: 0000000000000003
[    4.199841] R10: ffffffffb0051800 R11: ffffffffb0051800 R12: ffffffffb0270f67
[    4.206992] R13: ffff9bc980160b40 R14: ffffffffb03b1384 R15: 0000000000000000
[    4.214142] FS:  0000000000000000(0000) GS:ffff9bc9aac80000(0000) knlGS:0000000000000000
[    4.222261] CS:  0010 DS: 0000 ES: 0000 CR0: 0000000080050033
[    4.228021] CR2: 0000000000000000 CR3: 000000005d80a000 CR4: 00000000000406e0
[    4.235214] Kernel panic - not syncing: Attempted to kill init! exitcode=0x0000000b
[    4.236170] Kernel Offset: 0x2dc00000 from 0xffffffff81000000 (relocation range: 0xffffffff80000000-0xffffffffbfffffff)
[    4.236170] ---[ end Kernel panic - not syncing: Attempted to kill init! exitcode=0x0000000b ]---
