shasum calculated:
0x001001dc: 7a 82 11 49 49 29 7b 77 9b 86 93 e3 b1 96 80 9b   z..II){w........
0x001001ec: fc 7d 4d 44 cc cc cc cc cc cc cc cc cc cc cc cc   .}MD............
shasum calculated:
0x001001f0: e1 91 a7 fc 8b 3c 7d 2b 60 d6 89 ae a0 45 d3 ea   .....<}+`....E..
0x00100200: 89 5b 87 96 bd 0a f9 12 39 f3 5b e6 48 fa 69 c7   .[......9.[.H.i.
PCR extended
IOMMU disabled by a firmware, please check your settings
Couldn't set up IOMMU, DMA attacks possible!

code32_start 0x01000000:
mle_header
0x0181b2c0: 5a ac 82 90 6f 47 a7 74 0f 5c 55 a2 cb 51 b6 42   Z...oG.t.\U..Q.B
0x0181b2d0: 34 00 00 00 02 00 02 00 20 01 00 00 00 00 00 00   4....... .......
0x0181b2e0: 00 00 00 00 00 00 00 00 23 02 00 00 00 00 00 00   ........#.......
0x0181b2f0: 00 00 00 00 66 66 2e 0f 1f 84 00 00 00 00 00 90   ....ff..........
shasum calculated:
0x001001dc: a6 4f 66 9d 05 13 d9 44 ef 4d c0 17 b9 30 9a 07   .Of....D.M...0..
0x001001ec: 2e 02 0b c5 30 3a 20 00 56 12 10 00 00 00 00 00   ....0: .V.......
shasum calculated:
0x001001f0: c9 02 27 fe ef 29 f3 77 19 49 5e 96 c1 2c df 1b   ..'..).w.I^..,..
0x00100200: 03 6c 37 e5 02 2f 28 e5 fd 00 05 fd e6 c9 e9 03   .l7../(.........
PCR extended
pm_kernel_entry:
0x01000120: 8d 9b e0 fe ff ff e9 d5 b1 81 00 00 00 00 00 00   ................
0x01000130: 00 00 00 00 00 00 00 00 00 00 00 00 00 00 00 00   ................
...
0x01000200: fc fa 31 c0 8e d8 8e c0 8e d0 8e e0 8e e8 48 8d   ..1...........H.
0x01000210: 2d eb fd ff ff 8b 05 75 52 82 00 48 29 c5 8b 86   -......uR..H)...
zero_page:
0x0008b000: 00 00 00 80 00 00 03 50 00 00 00 00 00 00 19 01   .......P........
0x0008b010: 10 00 00 00 00 00 00 00 00 00 00 00 00 00 00 00   ................
0x0008b020: 3f a3 00 10 00 00 00 00 00 00 00 00 00 00 00 00   ?...............
0x0008b030: 00 00 00 00 00 00 00 00 00 00 00 00 00 00 00 00   ................
...
0x0008b1e0: 00 80 00 00 00 00 00 00 08 00 00 00 00 00 00 00   ................
0x0008b1f0: 00 1b 01 00 68 25 08 00 00 00 ff ff 00 00 00 00   ....h%..........
0x0008b200: eb 6a 48 64 72 53 0f 02 00 00 00 00 00 10 80 32   .jHdrS.........2
0x0008b210: 72 81 00 80 00 00 00 01 00 00 00 00 00 00 00 00   r...............
0x0008b220: 00 00 00 00 00 8e 00 00 00 f0 08 00 ff ff ff 7f   ................
0x0008b230: 00 00 20 00 01 15 6b 00 ff 07 00 00 00 00 00 00   .. ...k.........
0x0008b240: 00 00 00 00 00 00 00 00 a8 03 00 00 64 fe 80 00   ............d...
0x0008b250: 00 00 00 00 00 00 00 00 00 00 00 01 00 00 00 00   ................
0x0008b260: 00 80 c7 01 90 01 00 00 f0 3c 82 00 00 00 00 00   .........<......
0x0008b270: 00 00 00 00 00 00 00 00 00 00 00 00 00 00 00 00   ................
lz_base:
0x00100000: 90 02 58 80 00 80 ef be ad de cc cc cc cc cc cc   ..X.............
0x00100010: cc cc cc cc cc cc cc cc cc cc cc cc cc cc cc cc   ................
0x00100020: cc cc cc cc cc cc cc cc cc cc cc cc cc cc cc cc   ................
0x00100030: cc cc cc cc cc cc cc cc cc cc cc cc cc cc cc cc   ................
0x00100040: cc cc cc cc cc cc cc cc cc cc cc cc cc cc cc cc   ................
0x00100050: cc cc cc cc cc cc cc cc cc cc cc cc cc cc cc cc   ................
0x00100060: cc cc cc cc cc cc cc cc cc cc cc cc cc cc cc cc   ................
0x00100070: cc cc cc cc cc cc cc cc cc cc cc cc cc cc cc cc   ................
0x00100080: cc cc cc cc cc cc cc cc cc cc cc cc cc cc cc cc   ................
0x00100090: cc cc cc cc cc cc cc cc cc cc cc cc cc cc cc cc   ................
0x001000a0: f2 78 71 c6 3a e1 ce 53 d7 1b 0f 3f 3e 24 10 00   .xq.:..S...?>$..
0x001000b0: 93 25 69 06 cd 9b 2a c9 da 6a e0 58 ba 30 10 00   .%i...*..j.X.0..
0x001000c0: 00 00 00 00 38 00 00 00 ac 3b 10 00 0d 33 10 00   ....8....;...3..
0x001000d0: 40 00 00 00 80 36 10 00 e0 00 10 00 40 00 00 00   @....6......@...
0x001000e0: 65 ce fe de 0d 48 a1 2c e0 3b 10 00 e0 3b 10 00   e....H.,.;...;..
0x001000f0: 6e 01 10 00 21 3c 10 00 21 3c 10 00 5e 2a 10 00   n...!<..!<..^*..
device_table:
0x00106000: 03 00 00 00 00 00 00 00 00 00 00 00 00 00 00 00   ................
0x00106010: 00 00 00 00 00 00 00 00 00 00 00 00 00 00 00 00   ................
0x00106020: 03 00 00 00 00 00 00 00 00 00 00 00 00 00 00 00   ................
0x00106030: 00 00 00 00 00 00 00 00 00 00 00 00 00 00 00 00   ................
0x00106040: 03 00 00 00 00 00 00 00 00 00 00 00 00 00 00 00   ................
0x00106050: 00 00 00 00 00 00 00 00 00 00 00 00 00 00 00 00   ................
0x00106060: 03 00 00 00 00 00 00 00 00 00 00 00 00 00 00 00   ................
0x00106070: 00 00 00 00 00 00 00 00 00 00 00 00 00 00 00 00   ................
0x00106080: 03 00 00 00 00 00 00 00 00 00 00 00 00 00 00 00   ................
0x00106090: 00 00 00 00 00 00 00 00 00 00 00 00 00 00 00 00   ................
0x001060a0: 03 00 00 00 00 00 00 00 00 00 00 00 00 00 00 00   ................
0x001060b0: 00 00 00 00 00 00 00 00 00 00 00 00 00 00 00 00   ................
0x001060c0: 03 00 00 00 00 00 00 00 00 00 00 00 00 00 00 00   ................
0x001060d0: 00 00 00 00 00 00 00 00 00 00 00 00 00 00 00 00   ................
0x001060e0: 03 00 00 00 00 00 00 00 00 00 00 00 00 00 00 00   ................
0x001060f0: 00 00 00 00 00 00 00 00 00 00 00 00 00 00 00 00   ................
command_buf:
0x00103fe0: 00 00 00 00 00 00 00 00 00 00 00 00 00 00 00 00   ................
...
0x00104000: 00 d0 e8 cf 74 c1 e8 cf 00 c0 e8 cf 00 00 00 00   ....t...........
0x00104010: 00 00 00 f8 c4 27 10 00 33 27 10 00 d1 15 1a 00   .....'..3'......
0x00104020: 01 00 00 00 01 00 00 00 c0 3b 10 00 00 00 00 00   .........;......
0x00104030: 00 00 00 00 00 00 00 00 00 00 00 00 00 00 00 00   ................
...
event_log:
0x00105000: 00 00 00 00 00 00 00 00 00 00 00 00 00 00 00 00   ................
...
lz_main() is about to exit
pm_kernel_entry:
0x01000120: 8d 9b e0 fe ff ff e9 d5 b1 81 00 00 00 00 00 00   ................
0x01000130: 00 00 00 00 00 00 00 00 00 00 00 00 00 00 00 00   ................
...
0x01000200: fc fa 31 c0 8e d8 8e c0 8e d0 8e e0 8e e8 48 8d   ..1...........H.
0x01000210: 2d eb fd ff ff 8b 05 75 52 82 00 48 29 c5 8b 86   -......uR..H)...
zero_page:
0x0008b000: 00 00 00 80 00 00 03 50 00 00 00 00 00 00 19 01   .......P........
0x0008b010: 10 00 00 00 00 00 00 00 00 00 00 00 00 00 00 00   ................
0x0008b020: 3f a3 00 10 00 00 00 00 00 00 00 00 00 00 00 00   ?...............
0x0008b030: 00 00 00 00 00 00 00 00 00 00 00 00 00 00 00 00   ................
...
0x0008b1e0: 00 80 00 00 00 00 00 00 08 00 00 00 00 00 00 00   ................
0x0008b1f0: 00 1b 01 00 68 25 08 00 00 00 ff ff 00 00 00 00   ....h%..........
0x0008b200: eb 6a 48 64 72 53 0f 02 00 00 00 00 00 10 80 32   .jHdrS.........2
0x0008b210: 72 81 00 80 00 00 00 01 00 00 00 00 00 00 00 00   r...............
0x0008b220: 00 00 00 00 00 8e 00 00 00 f0 08 00 ff ff ff 7f   ................
0x0008b230: 00 00 20 00 01 15 6b 00 ff 07 00 00 00 00 00 00   .. ...k.........
0x0008b240: 00 00 00 00 00 00 00 00 a8 03 00 00 64 fe 80 00   ............d...
0x0008b250: 00 00 00 00 00 00 00 00 00 00 00 01 00 00 00 00   ................
0x0008b260: 00 80 c7 01 90 01 00 00 f0 3c 82 00 00 00 00 00   .........<......
0x0008b270: 00 00 00 00 00 00 00 00 00 00 00 00 00 00 00 00   ................
lz_base:
0x00100000: 90 02 58 80 00 80 ef be ad de cc cc cc cc cc cc   ..X.............
0x00100010: cc cc cc cc cc cc cc cc cc cc cc cc cc cc cc cc   ................
0x00100020: cc cc cc cc cc cc cc cc cc cc cc cc cc cc cc cc   ................
0x00100030: cc cc cc cc cc cc cc cc cc cc cc cc cc cc cc cc   ................
0x00100040: cc cc cc cc cc cc cc cc cc cc cc cc cc cc cc cc   ................
0x00100050: cc cc cc cc cc cc cc cc cc cc cc cc cc cc cc cc   ................
0x00100060: cc cc cc cc cc cc cc cc cc cc cc cc cc cc cc cc   ................
0x00100070: cc cc cc cc cc cc cc cc cc cc cc cc cc cc cc cc   ................
0x00100080: cc cc cc cc cc cc cc cc cc cc cc cc cc cc cc cc   ................
0x00100090: cc cc cc cc cc cc cc cc cc cc cc cc cc cc cc cc   ................
0x001000a0: f2 78 71 c6 3a e1 ce 53 d7 1b 0f 3f 3e 24 10 00   .xq.:..S...?>$..
0x001000b0: 93 25 69 06 cd 9b 2a c9 da 6a e0 58 ba 30 10 00   .%i...*..j.X.0..
0x001000c0: 00 00 00 00 38 00 00 00 ac 3b 10 00 0d 33 10 00   ....8....;...3..
0x001000d0: 40 00 00 00 80 36 10 00 e0 00 10 00 40 00 00 00   @....6......@...
0x001000e0: 65 ce fe de 0d 48 a1 2c e0 3b 10 00 e0 3b 10 00   e....H.,.;...;..
0x001000f0: 6e 01 10 00 21 3c 10 00 21 3c 10 00 5e 2a 10 00   n...!<..!<..^*..
bootloader_data:
0x00108058: 0f 04 52 00 21 24 0b 00 92 21 c1 a8 c5 32 02 9b   ..R.!$...!...2..
0x00108068: 44 75 6d a3 5f 4f 5f 71 a9 8b c8 b0 be c5 bd 73   Dum._O_q.......s
0x00108078: 6b d1 cd f7 25 2b 64 ab 21 18 04 00 7e e7 52 73   k...%+d.!...~.Rs
0x00108088: 19 33 9e 2e 9f 39 ca aa 1c 96 3b 93 a2 1c 5a 44   .3...9....;...ZD
0x00108098: 10 06 00 b0 08 00 20 0a 00 c0 e8 cf 00 10 00 00   ...... .........
0x001080a8: 00 02 80 01 3e 00 80 01 3f 00 80 01 40 00 80 01   ....>...?...@...
TPM event log:
0xcfe8c000: 00 00 00 00 03 00 00 00 00 00 00 00 00 00 00 00   ................
0xcfe8c010: 00 00 00 00 00 00 00 00 00 00 00 00 39 00 00 00   ............9...
0xcfe8c020: 53 70 65 63 20 49 44 20 45 76 65 6e 74 30 33 00   Spec ID Event03.
0xcfe8c030: 00 00 00 00 00 02 00 02 02 00 00 00 04 00 14 00   ................
0xcfe8c040: 0b 00 20 00 14 00 c0 e8 cf 00 00 00 00 00 10 00   .. .............
0xcfe8c050: 00 00 00 00 00 74 01 00 00 11 00 00 00 02 05 00   .....t..........
0xcfe8c060: 00 02 00 00 00 04 00 7e e7 52 73 19 33 9e 2e 9f   .......~.Rs.3...
0xcfe8c070: 39 ca aa 1c 96 3b 93 a2 1c 5a 44 0b 00 92 21 c1   9....;...ZD...!.
0xcfe8c080: a8 c5 32 02 9b 44 75 6d a3 5f 4f 5f 71 a9 8b c8   ..2..Dum._O_q...
0xcfe8c090: b0 be c5 bd 73 6b d1 cd f7 25 2b 64 ab 06 00 00   ....sk...%+d....
0xcfe8c0a0: 00 53 4b 49 4e 49 54 12 00 00 00 02 05 00 00 02   .SKINIT.........
0xcfe8c0b0: 00 00 00 04 00 7a 82 11 49 49 29 7b 77 9b 86 93   .....z..II){w...
0xcfe8c0c0: e3 b1 96 80 9b fc 7d 4d 44 0b 00 e1 91 a7 fc 8b   ......}MD.......
0xcfe8c0d0: 3c 7d 2b 60 d6 89 ae a0 45 d3 ea 89 5b 87 96 bd   <}+`....E...[...
0xcfe8c0e0: 0a f9 12 39 f3 5b e6 48 fa 69 c7 23 00 00 00 4d   ...9.[.H.i.#...M
0xcfe8c0f0: 65 61 73 75 72 65 64 20 62 6f 6f 74 6c 6f 61 64   easured bootload
0xcfe8c100: 65 72 20 64 61 74 61 20 69 6e 74 6f 20 50 43 52   er data into PCR
0xcfe8c110: 31 38 11 00 00 00 02 05 00 00 02 00 00 00 04 00   18..............
0xcfe8c120: a6 4f 66 9d 05 13 d9 44 ef 4d c0 17 b9 30 9a 07   .Of....D.M...0..
0xcfe8c130: 2e 02 0b c5 0b 00 c9 02 27 fe ef 29 f3 77 19 49   ........'..).w.I
0xcfe8c140: 5e 96 c1 2c df 1b 03 6c 37 e5 02 2f 28 e5 fd 00   ^..,...l7../(...
0xcfe8c150: 05 fd e6 c9 e9 03 1a 00 00 00 4d 65 61 73 75 72   ..........Measur
0xcfe8c160: 65 64 20 4b 65 72 6e 65 6c 20 69 6e 74 6f 20 50   ed Kernel into P
0xcfe8c170: 43 52 31 37 00 00 00 00 00 00 00 00 00 00 00 00   CR17............
0xcfe8c180: 00 00 00 00 00 00 00 00 00 00 00 00 00 00 00 00   ................
...
lz_main() is about to exit
Wrong EFI loader signature.
early console in extract_kernel
input_data: 0x00000000024263a8
input_len: 0x000000000080fe64
output: 0x0000000001000000
output_len: 0x0000000001c09844
kernel_total_size: 0x000000000182c000
needed_size: 0x0000000001e00000
trampoline_32bit: 0x000000000009d000
booted via startup_32()
Physical KASLR using RDTSC...
Virtual KASLR using RDTSC...

Decompressing Linux... Parsing ELF... Performing relocations... done.
Booting the kernel.
[    0.000000] Linux version 5.8.10-yocto-standard (oe-user@oe-host) (x86_64-fobnail-linux-gcc (GCC) 11.2.0, GNU ld (GNU Binutils) 2.37.20210721) #1 SMP PREEMPT Mon Nov 15 23:56:09 UTC 2021
[    0.000000] Command line: BOOT_IMAGE=/bzImage root=/dev/mmcblk0p2 console=ttyS0,115200 earlyprintk=serial,ttyS0,115200
[    0.000000] x86/fpu: Supporting XSAVE feature 0x001: 'x87 floating point registers'
[    0.000000] x86/fpu: Supporting XSAVE feature 0x002: 'SSE registers'
[    0.000000] x86/fpu: Supporting XSAVE feature 0x004: 'AVX registers'
[    0.000000] x86/fpu: xstate_offset[2]:  576, xstate_sizes[2]:  256
[    0.000000] x86/fpu: Enabled xstate features 0x7, context size is 832 bytes, using 'standard' format.
[    0.000000] BIOS-provided physical RAM map:
[    0.000000] BIOS-e820: [mem 0x0000000000000000-0x000000000009fbff] usable
[    0.000000] BIOS-e820: [mem 0x000000000009fc00-0x000000000009ffff] reserved
[    0.000000] BIOS-e820: [mem 0x00000000000f0000-0x00000000000fffff] reserved
[    0.000000] BIOS-e820: [mem 0x0000000000100000-0x00000000cfe89fff] usable
[    0.000000] BIOS-e820: [mem 0x00000000cfe8a000-0x00000000cfffffff] reserved
[    0.000000] BIOS-e820: [mem 0x00000000f8000000-0x00000000fbffffff] reserved
[    0.000000] BIOS-e820: [mem 0x00000000fed40000-0x00000000fed44fff] reserved
[    0.000000] BIOS-e820: [mem 0x0000000100000000-0x000000012effffff] usable
[    0.000000] printk: bootconsole [earlyser0] enabled
[    0.000000] NX (Execute Disable) protection: active
[    0.000000] SMBIOS 2.8 present.
[    0.000000] DMI: PC Engines apu2/apu2, BIOS v4.12.0.3 07/30/2020
[    0.000000] tsc: Fast TSC calibration using PIT
[    0.000000] tsc: Detected 998.092 MHz processor
[    0.000529] last_pfn = 0x12f000 max_arch_pfn = 0x400000000
[    0.007067] x86/PAT: Configuration [0-7]: WB  WC  UC- UC  WB  WP  UC- WT
Memory KASLR using RDTSC...
[    0.016940] last_pfn = 0xcfe8a max_arch_pfn = 0x400000000
[    0.031370] found SMP MP-table at [mem 0x000f38e0-0x000f38ef]
[    0.037038] check: Scanning 1 areas for low memory corruption
[    0.042671] Using GB pages for direct mapping
[    0.049139] ACPI: Early table checksum verification disabled
[    0.054646] ACPI: RSDP 0x00000000000F3AF0 000024 (v02 COREv4)
[    0.060342] ACPI: XSDT 0x00000000CFE9D0E0 000074 (v01 COREv4 COREBOOT 00000000 CORE 20180531)
[    0.068867] ACPI: FACP 0x00000000CFE9EE40 000114 (v06 COREv4 COREBOOT 00000000 CORE 20180531)
[    0.077336] ACPI: DSDT 0x00000000CFE9D280 001BB3 (v02 COREv4 COREBOOT 00010001 INTL 20180531)
[    0.085836] ACPI: FACS 0x00000000CFE9D240 000040
[    0.090417] ACPI: SSDT 0x00000000CFE9EF60 0001EF (v02 COREv4 COREBOOT 0000002A CORE 20180531)
[    0.098936] ACPI: MCFG 0x00000000CFE9F150 00003C (v01 COREv4 COREBOOT 00000000 CORE 20180531)
[    0.107417] ACPI: TPM2 0x00000000CFE9F190 00004C (v04 COREv4 COREBOOT 00000000 CORE 20180531)
[    0.115897] ACPI: APIC 0x00000000CFE9F1E0 00007E (v03 COREv4 COREBOOT 00000000 CORE 20180531)
[    0.124390] ACPI: HEST 0x00000000CFE9F260 0001D0 (v01 COREv4 COREBOOT 00000000 CORE 20180531)
[    0.132885] ACPI: SSDT 0x00000000CFE9F430 0048A6 (v02 AMD    AGESA    00000002 MSFT 04000000)
[    0.141379] ACPI: SSDT 0x00000000CFEA3CE0 0007C8 (v01 AMD    AGESA    00000001 AMD  00000001)
[    0.149872] ACPI: DRTM 0x00000000CFEA44B0 00007C (v01 COREv4 COREBOOT 00000000 CORE 20180531)
[    0.158370] ACPI: HPET 0x00000000CFEA4530 000038 (v01 COREv4 COREBOOT 00000000 CORE 20180531)
[    0.166990] Zone ranges:
[    0.169370]   DMA      [mem 0x0000000000001000-0x0000000000ffffff]
[    0.175528]   DMA32    [mem 0x0000000001000000-0x00000000ffffffff]
[    0.181676]   Normal   [mem 0x0000000100000000-0x000000012effffff]
[    0.187831] Movable zone start for each node
[    0.192078] Early memory node ranges
[    0.195649]   node   0: [mem 0x0000000000001000-0x000000000009efff]
[    0.201879]   node   0: [mem 0x0000000000100000-0x00000000cfe89fff]
[    0.208113]   node   0: [mem 0x0000000100000000-0x000000012effffff]
[    0.214665] Zeroed struct page in unavailable ranges: 4568 pages
[    0.214670] Initmem setup node 0 [mem 0x0000000000001000-0x000000012effffff]
[    0.279363] ACPI: PM-Timer IO Port: 0x818
[    0.283265] ACPI: LAPIC_NMI (acpi_id[0xff] high edge lint[0x1])
[    0.289173] IOAPIC[0]: apic_id 4, version 33, address 0xfec00000, GSI 0-23
[    0.295983] IOAPIC[1]: apic_id 5, version 33, address 0xfec20000, GSI 24-55
[    0.302926] ACPI: INT_SRC_OVR (bus 0 bus_irq 0 global_irq 2 dfl dfl)
[    0.309242] ACPI: INT_SRC_OVR (bus 0 bus_irq 9 global_irq 9 low level)
[    0.315766] Using ACPI (MADT) for SMP configuration information
[    0.321634] ACPI: HPET id: 0x10228201 base: 0xfed00000
[    0.326779] smpboot: Allowing 4 CPUs, 0 hotplug CPUs
[    0.331740] [mem 0xd0000000-0xf7ffffff] available for PCI devices
[    0.337778] Booting paravirtualized kernel on bare hardware
[    0.343334] clocksource: refined-jiffies: mask: 0xffffffff max_cycles: 0xffffffff, max_idle_ns: 1910969940391419 ns
[    0.353729] setup_percpu: NR_CPUS:64 nr_cpumask_bits:64 nr_cpu_ids:4 nr_node_ids:1
[    0.363420] percpu: Embedded 54 pages/cpu s181656 r8192 d31336 u524288
[    0.369946] Built 1 zonelists, mobility grouping on.  Total pages: 1027672
[    0.376664] Kernel command line: BOOT_IMAGE=/bzImage root=/dev/mmcblk0p2 console=ttyS0,115200 earlyprintk=serial,ttyS0,115200
[    0.391193] Dentry cache hash table entries: 524288 (order: 10, 4194304 bytes, linear)
[    0.400458] Inode-cache hash table entries: 262144 (order: 9, 2097152 bytes, linear)
[    0.408232] mem auto-init: stack:off, heap alloc:off, heap free:off
[    0.532961] Memory: 4012800K/4176032K available (14339K kernel code, 1609K rwdata, 3124K rodata, 1580K init, 768K bss, 163232K reserved, 0K cma-reserved)
[    0.546813] SLUB: HWalign=64, Order=0-3, MinObjects=0, CPUs=4, Nodes=1
[    0.553202] ftrace: allocating 39936 entries in 157 pages
[    0.634776] ftrace: allocated 156 pages with 4 groups
[    0.640075] rcu: Preemptible hierarchical RCU implementation.
[    0.645663] rcu: 	RCU restricting CPUs from NR_CPUS=64 to nr_cpu_ids=4.
[    0.652234] 	Trampoline variant of Tasks RCU enabled.
[    0.657259] 	Rude variant of Tasks RCU enabled.
[    0.661767] rcu: RCU calculated value of scheduler-enlistment delay is 100 jiffies.
[    0.669420] rcu: Adjusting geometry for rcu_fanout_leaf=16, nr_cpu_ids=4
[    0.698002] NR_IRQS: 4352, nr_irqs: 1000, preallocated irqs: 16
[    0.704670] random: get_random_bytes called from start_kernel+0x369/0x52c with crng_init=0
[    0.705197] Console: colour dummy device 80x25
[    0.717788] printk: console [ttyS0] enabled
[    0.717788] printk: console [ttyS0] enabled
[    0.726092] printk: bootconsole [earlyser0] disabled
[    0.726092] printk: bootconsole [earlyser0] disabled
[    0.736008] ACPI: Core revision 20200528
[    0.740473] clocksource: hpet: mask: 0xffffffff max_cycles: 0xffffffff, max_idle_ns: 133484873504 ns
[    0.749633] APIC: Switch to symmetric I/O mode setup
[    0.755684] ..TIMER: vector=0x30 apic1=0 pin1=2 apic2=0 pin2=0
[    0.765657] clocksource: tsc-early: mask: 0xffffffffffffffff max_cycles: 0x1cc61979aee, max_idle_ns: 881590582631 ns
[    0.776207] Calibrating delay loop (skipped), value calculated using timer frequency.. 1996.18 BogoMIPS (lpj=998092)
[    0.777211] pid_max: default: 32768 minimum: 301
[    0.778354] LSM: Security Framework initializing
[    0.779375] Mount-cache hash table entries: 8192 (order: 4, 65536 bytes, linear)
[    0.780273] Mountpoint-cache hash table entries: 8192 (order: 4, 65536 bytes, linear)
Poking KASLR using RDTSC...
[    0.784630] LVT offset 1 assigned for vector 0xf9
[    0.785221] Last level iTLB entries: 4KB 512, 2MB 8, 4MB 4
[    0.786211] Last level dTLB entries: 4KB 512, 2MB 256, 4MB 128, 1GB 0
[    0.787213] Spectre V1 : Mitigation: usercopy/swapgs barriers and __user pointer sanitization
[    0.788212] Spectre V2 : Mitigation: Full AMD retpoline
[    0.789210] Spectre V2 : Spectre v2 / SpectreRSB mitigation: Filling RSB on context switch
[    0.790213] Speculative Store Bypass: Mitigation: Speculative Store Bypass disabled via prctl and seccomp
[    0.792877] Freeing SMP alternatives memory: 40K
[    0.899255] smpboot: CPU0: AMD GX-412TC SOC (family: 0x16, model: 0x30, stepping: 0x1)
[    0.901815] Performance Events: AMD PMU driver.
[    0.902215] ... version:                0
[    0.903211] ... bit width:              48
[    0.904237] ... generic registers:      4
[    0.905224] ... value mask:             0000ffffffffffff
[    0.906212] ... max period:             00007fffffffffff
[    0.907211] ... fixed-purpose events:   0
[    0.908211] ... event mask:             000000000000000f
[    0.909415] rcu: Hierarchical SRCU implementation.
[    0.910569] MCE: In-kernel MCE decoding enabled.
[    0.911494] smp: Bringing up secondary CPUs ...
[    0.912734] x86: Booting SMP configuration:
[    0.913216] .... node  #0, CPUs:      #1
[    0.064769] __common_interrupt: 1.55 No irq handler for vector
[    0.925748]  #2
[    0.064769] __common_interrupt: 2.55 No irq handler for vector
[    0.935770]  #3
[    0.064769] __common_interrupt: 3.55 No irq handler for vector
[    0.944283] smp: Brought up 1 node, 4 CPUs
[    0.945217] smpboot: Max logical packages: 1
[    0.946213] smpboot: Total of 4 processors activated (7984.73 BogoMIPS)
[    0.949824] devtmpfs: initialized
[    0.952502] clocksource: jiffies: mask: 0xffffffff max_cycles: 0xffffffff, max_idle_ns: 1911260446275000 ns
[    0.962228] futex hash table entries: 1024 (order: 4, 65536 bytes, linear)
[    0.969522] xor: automatically using best checksumming function   avx
[    0.976235] pinctrl core: initialized pinctrl subsystem
[    0.981291] thermal_sys: Registered thermal governor 'step_wise'
[    0.981294] thermal_sys: Registered thermal governor 'user_space'
[    0.987873] NET: Registered protocol family 16
[    0.999722] cpuidle: using governor menu
[    1.003274] ACPI: bus type PCI registered
[    1.008345] PCI: MMCONFIG for domain 0000 [bus 00-40] at [mem 0xf8000000-0xfc0fffff] (base 0xf8000000)
[    1.017221] PCI: MMCONFIG at [mem 0xf8000000-0xfc0fffff] reserved in E820
[    1.024217] PCI: MMCONFIG for 0000 [bus00-1f] at [mem 0xf8000000-0xf9ffffff] (base 0xf8000000) (size reduced!)
[    1.034238] PCI: Using configuration type 1 for base access
[    1.039727] mtrr: your CPUs had inconsistent variable MTRR settings
[    1.046213] mtrr: probably your BIOS does not setup all CPUs.
[    1.052211] mtrr: corrected configuration.
[    1.085627] raid6: sse2x4   gen()  2349 MB/s
[    1.106646] raid6: sse2x4   xor()  1161 MB/s
[    1.127613] raid6: sse2x2   gen()  2081 MB/s
[    1.148615] raid6: sse2x2   xor()  1540 MB/s
[    1.169609] raid6: sse2x1   gen()  1623 MB/s
[    1.190590] raid6: sse2x1   xor()  1193 MB/s
[    1.195213] raid6: using algorithm sse2x4 gen() 2349 MB/s
[    1.200212] raid6: .... xor() 1161 MB/s, rmw enabled
[    1.205215] raid6: using ssse3x2 recovery algorithm
[    1.210292] ACPI: Added _OSI(Module Device)
[    1.214215] ACPI: Added _OSI(Processor Device)
[    1.219213] ACPI: Added _OSI(3.0 _SCP Extensions)
[    1.224213] ACPI: Added _OSI(Processor Aggregator Device)
[    1.229214] ACPI: Added _OSI(Linux-Dell-Video)
[    1.233213] ACPI: Added _OSI(Linux-Lenovo-NV-HDMI-Audio)
[    1.239213] ACPI: Added _OSI(Linux-HPI-Hybrid-Graphics)
[    1.264150] ACPI: 4 ACPI AML tables successfully acquired and loaded
[    1.279604] ACPI: Interpreter enabled
[    1.283303] ACPI: (supports S0 S1 S5)
[    1.287215] ACPI: Using IOAPIC for interrupt routing
[    1.292260] PCI: Using host bridge windows from ACPI; if necessary, use "pci=nocrs" and report a bug
[    1.302040] ACPI: Enabled 7 GPEs in block 00 to 1F
[    1.319674] ACPI: PCI Root Bridge [PCI0] (domain 0000 [bus 00-ff])
[    1.326236] acpi PNP0A08:00: _OSC: OS supports [ExtendedConfig ASPM ClockPM Segments MSI HPX-Type3]
[    1.335400] acpi PNP0A08:00: _OSC: OS now controls [PME AER PCIeCapability LTR]
[    1.342226] acpi PNP0A08:00: [Firmware Info]: MMCONFIG for domain 0000 [bus 00-1f] only partially covers this bridge
[    1.353362] acpi PNP0A08:00: host bridge window expanded to [io  0x0000-0x0cf7 window]; [io  0x03b0-0x03df window] ignored
[    1.364318] PCI host bridge to bus 0000:00
[    1.368218] pci_bus 0000:00: root bus resource [io  0x0000-0x0cf7 window]
[    1.375216] pci_bus 0000:00: root bus resource [io  0x0d00-0xffff window]
[    1.382217] pci_bus 0000:00: root bus resource [mem 0x000a0000-0x000bffff]
[    1.389216] pci_bus 0000:00: root bus resource [mem 0x000c0000-0x000dffff]
[    1.396215] pci_bus 0000:00: root bus resource [mem 0xd0000000-0xffffffff]
[    1.403230] pci_bus 0000:00: root bus resource [bus 00-ff]
[    1.408281] pci 0000:00:00.0: [1022:1566] type 00 class 0x060000
[    1.414617] pci 0000:00:00.2: [1022:1567] type 00 class 0x080600
[    1.421568] pci 0000:00:02.0: [1022:156b] type 00 class 0x060000
[    1.427485] pci 0000:00:02.2: [1022:1439] type 01 class 0x060400
[    1.433285] pci 0000:00:02.2: enabling Extended Tags
[    1.438301] pci 0000:00:02.2: PME# supported from D0 D3hot D3cold
[    1.445284] pci 0000:00:02.3: [1022:1439] type 01 class 0x060400
[    1.451285] pci 0000:00:02.3: enabling Extended Tags
[    1.456379] pci 0000:00:02.3: PME# supported from D0 D3hot D3cold
[    1.463608] pci 0000:00:02.4: [1022:1439] type 01 class 0x060400
[    1.469289] pci 0000:00:02.4: enabling Extended Tags
[    1.474231] pci 0000:00:02.4: PME# supported from D0 D3hot D3cold
[    1.480649] pci 0000:00:08.0: [1022:1537] type 00 class 0x108000
[    1.487247] pci 0000:00:08.0: reg 0x10: [mem 0xf7f00000-0xf7f1ffff 64bit pref]
[    1.494223] pci 0000:00:08.0: reg 0x18: [mem 0xf7d00000-0xf7dfffff]
[    1.500223] pci 0000:00:08.0: reg 0x1c: [mem 0xf7f24000-0xf7f24fff]
[    1.507226] pci 0000:00:08.0: reg 0x20: [mem 0xf7e00000-0xf7efffff]
[    1.513223] pci 0000:00:08.0: reg 0x24: [mem 0xf7f20000-0xf7f21fff]
[    1.519533] pci 0000:00:10.0: [1022:7814] type 00 class 0x0c0330
[    1.525253] pci 0000:00:10.0: reg 0x10: [mem 0xf7f22000-0xf7f23fff 64bit]
[    1.532373] pci 0000:00:10.0: PME# supported from D0 D3hot D3cold
[    1.539547] pci 0000:00:11.0: [1022:7801] type 00 class 0x010601
[    1.545244] pci 0000:00:11.0: reg 0x10: [io  0x4010-0x4017]
[    1.551225] pci 0000:00:11.0: reg 0x14: [io  0x4020-0x4023]
[    1.556226] pci 0000:00:11.0: reg 0x18: [io  0x4018-0x401f]
[    1.562226] pci 0000:00:11.0: reg 0x1c: [io  0x4024-0x4027]
[    1.567228] pci 0000:00:11.0: reg 0x20: [io  0x4000-0x400f]
[    1.573225] pci 0000:00:11.0: reg 0x24: [mem 0xf7f25000-0xf7f253ff]
[    1.579300] pci 0000:00:11.0: PME# supported from D3hot
[    1.585633] pci 0000:00:13.0: [1022:7808] type 00 class 0x0c0320
[    1.591235] pci 0000:00:13.0: reg 0x10: [mem 0xf7f26000-0xf7f260ff]
[    1.597325] pci 0000:00:13.0: supports D1 D2
[    1.602215] pci 0000:00:13.0: PME# supported from D0 D1 D2 D3hot D3cold
[    1.608629] pci 0000:00:14.0: [1022:780b] type 00 class 0x0c0500
[    1.615510] pci 0000:00:14.3: [1022:780e] type 00 class 0x060100
[    1.621777] pci 0000:00:14.7: [1022:7813] type 00 class 0x080501
[    1.628248] pci 0000:00:14.7: reg 0x10: [mem 0xf7f27000-0xf7f270ff 64bit]
[    1.635376] pci 0000:00:18.0: [1022:1580] type 00 class 0x060000
[    1.641573] pci 0000:00:18.1: [1022:1581] type 00 class 0x060000
[    1.648545] pci 0000:00:18.2: [1022:1582] type 00 class 0x060000
[    1.654485] pci 0000:00:18.3: [1022:1583] type 00 class 0x060000
[    1.660652] pci 0000:00:18.4: [1022:1584] type 00 class 0x060000
[    1.667251] pci 0000:00:18.5: [1022:1585] type 00 class 0x060000
[    1.673646] pci 0000:01:00.0: [8086:157b] type 00 class 0x020000
[    1.680266] pci 0000:01:00.0: reg 0x10: [mem 0xf7a00000-0xf7a1ffff]
[    1.686248] pci 0000:01:00.0: reg 0x18: [io  0x1000-0x101f]
[    1.692231] pci 0000:01:00.0: reg 0x1c: [mem 0xf7a20000-0xf7a23fff]
[    1.698405] pci 0000:01:00.0: PME# supported from D0 D3hot D3cold
[    1.704508] pci 0000:00:02.2: PCI bridge to [bus 01]
[    1.709222] pci 0000:00:02.2:   bridge window [io  0x1000-0x1fff]
[    1.716218] pci 0000:00:02.2:   bridge window [mem 0xf7a00000-0xf7afffff]
[    1.722362] pci 0000:02:00.0: [8086:157b] type 00 class 0x020000
[    1.729261] pci 0000:02:00.0: reg 0x10: [mem 0xf7b00000-0xf7b1ffff]
[    1.735247] pci 0000:02:00.0: reg 0x18: [io  0x2000-0x201f]
[    1.740231] pci 0000:02:00.0: reg 0x1c: [mem 0xf7b20000-0xf7b23fff]
[    1.747406] pci 0000:02:00.0: PME# supported from D0 D3hot D3cold
[    1.753435] pci 0000:00:02.3: PCI bridge to [bus 02]
[    1.758222] pci 0000:00:02.3:   bridge window [io  0x2000-0x2fff]
[    1.764219] pci 0000:00:02.3:   bridge window [mem 0xf7b00000-0xf7bfffff]
[    1.771376] pci 0000:03:00.0: [8086:157b] type 00 class 0x020000
[    1.777265] pci 0000:03:00.0: reg 0x10: [mem 0xf7c00000-0xf7c1ffff]
[    1.784246] pci 0000:03:00.0: reg 0x18: [io  0x3000-0x301f]
[    1.789231] pci 0000:03:00.0: reg 0x1c: [mem 0xf7c20000-0xf7c23fff]
[    1.796464] pci 0000:03:00.0: PME# supported from D0 D3hot D3cold
[    1.802401] pci 0000:00:02.4: PCI bridge to [bus 03]
[    1.807221] pci 0000:00:02.4:   bridge window [io  0x3000-0x3fff]
[    1.813217] pci 0000:00:02.4:   bridge window [mem 0xf7c00000-0xf7cfffff]
[    1.821940] ACPI: PCI Interrupt Link [INTA] (IRQs *3 4 5 7 10 11 12 15)
[    1.828396] ACPI: PCI Interrupt Link [INTB] (IRQs *3 4 5 7 10 11 12 15)
[    1.835475] ACPI: PCI Interrupt Link [INTC] (IRQs 3 4 *5 7 10 11 12 15)
[    1.842510] ACPI: PCI Interrupt Link [INTD] (IRQs 3 4 5 *7 10 11 12 15)
[    1.849496] ACPI: PCI Interrupt Link [INTE] (IRQs 3 4 5 7 10 *11 12 15)
[    1.856414] ACPI: PCI Interrupt Link [INTF] (IRQs 9) *10
[    1.862456] ACPI: PCI Interrupt Link [INTG] (IRQs 3 4 5 7 10 11 12 15) *0
[    1.869397] ACPI: PCI Interrupt Link [INTH] (IRQs 3 4 5 7 10 11 12 15) *0
[    1.877307] vgaarb: loaded
[    1.880486] SCSI subsystem initialized
[    1.884267] ACPI: bus type USB registered
[    1.888289] usbcore: registered new interface driver usbfs
[    1.893244] usbcore: registered new interface driver hub
[    1.899275] usbcore: registered new device driver usb
[    1.904268] pps_core: LinuxPPS API ver. 1 registered
[    1.909213] pps_core: Software ver. 5.3.6 - Copyright 2005-2007 Rodolfo Giometti <giometti@linux.it>
[    1.918219] PTP clock support registered
[    1.922212] EDAC MC: Ver: 3.0.0
[    1.926350] Advanced Linux Sound Architecture Driver Initialized.
[    1.932354] Bluetooth: Core ver 2.22
[    1.936233] NET: Registered protocol family 31
[    1.940213] Bluetooth: HCI device and connection manager initialized
[    1.947217] Bluetooth: HCI socket layer initialized
[    1.952215] Bluetooth: L2CAP socket layer initialized
[    1.957222] Bluetooth: SCO socket layer initialized
[    1.962276] PCI: Using ACPI for IRQ routing
[    1.967503] hpet0: at MMIO 0xfed00000, IRQs 2, 8, 0
[    1.972218] hpet0: 3 comparators, 32-bit 14.318180 MHz counter
[    1.980394] clocksource: Switched to clocksource tsc-early
[    2.767227] pnp: PnP ACPI init
[    2.770875] system 00:00: [mem 0xfec10002-0xfec11001] has been reserved
[    2.778594] pnp: PnP ACPI: found 4 devices
[    2.796669] clocksource: acpi_pm: mask: 0xffffff max_cycles: 0xffffff, max_idle_ns: 2085701024 ns
[    2.805671] NET: Registered protocol family 2
[    2.810578] tcp_listen_portaddr_hash hash table entries: 2048 (order: 3, 32768 bytes, linear)
[    2.819159] TCP established hash table entries: 32768 (order: 6, 262144 bytes, linear)
[    2.827261] TCP bind hash table entries: 32768 (order: 7, 524288 bytes, linear)
[    2.834928] TCP: Hash tables configured (established 32768 bind 32768)
[    2.841643] UDP hash table entries: 2048 (order: 4, 65536 bytes, linear)
[    2.848448] UDP-Lite hash table entries: 2048 (order: 4, 65536 bytes, linear)
[    2.855797] NET: Registered protocol family 1
[    2.860960] RPC: Registered named UNIX socket transport module.
[    2.866910] RPC: Registered udp transport module.
[    2.871645] RPC: Registered tcp transport module.
[    2.876394] RPC: Registered tcp NFSv4.1 backchannel transport module.
[    2.882911] pci 0000:00:02.2: PCI bridge to [bus 01]
[    2.887897] pci 0000:00:02.2:   bridge window [io  0x1000-0x1fff]
[    2.894012] pci 0000:00:02.2:   bridge window [mem 0xf7a00000-0xf7afffff]
[    2.900823] pci 0000:00:02.3: PCI bridge to [bus 02]
[    2.905804] pci 0000:00:02.3:   bridge window [io  0x2000-0x2fff]
[    2.911918] pci 0000:00:02.3:   bridge window [mem 0xf7b00000-0xf7bfffff]
[    2.918743] pci 0000:00:02.4: PCI bridge to [bus 03]
[    2.923736] pci 0000:00:02.4:   bridge window [io  0x3000-0x3fff]
[    2.929851] pci 0000:00:02.4:   bridge window [mem 0xf7c00000-0xf7cfffff]
[    2.936669] pci_bus 0000:00: resource 4 [io  0x0000-0x0cf7 window]
[    2.942863] pci_bus 0000:00: resource 5 [io  0x0d00-0xffff window]
[    2.949078] pci_bus 0000:00: resource 6 [mem 0x000a0000-0x000bffff]
[    2.955362] pci_bus 0000:00: resource 7 [mem 0x000c0000-0x000dffff]
[    2.961645] pci_bus 0000:00: resource 8 [mem 0xd0000000-0xffffffff]
[    2.967944] pci_bus 0000:01: resource 0 [io  0x1000-0x1fff]
[    2.973536] pci_bus 0000:01: resource 1 [mem 0xf7a00000-0xf7afffff]
[    2.979821] pci_bus 0000:02: resource 0 [io  0x2000-0x2fff]
[    2.985409] pci_bus 0000:02: resource 1 [mem 0xf7b00000-0xf7bfffff]
[    2.991693] pci_bus 0000:03: resource 0 [io  0x3000-0x3fff]
[    2.997282] pci_bus 0000:03: resource 1 [mem 0xf7c00000-0xf7cfffff]
[    3.004969] pci 0000:00:13.0: PME# does not work under D3, disabling it
[    3.011706] PCI: CLS 64 bytes, default 64
[    3.015972] PCI-DMA: Using software bounce buffering for IO (SWIOTLB)
[    3.022429] software IO TLB: mapped [mem 0xcbe8a000-0xcfe8a000] (64MB)
[    3.029059] amd_uncore: AMD NB counters detected
[    3.033715] amd_uncore: AMD LLC counters detected
[    3.038877] LVT offset 0 assigned for vector 0x400
[    3.043922] perf: AMD IBS detected (0x000000ff)
[    3.048588] mce: Machine check injector initialized
[    3.055037] check: Scanning for low memory corruption every 60 seconds
[    3.063161] Initialise system trusted keyrings
[    3.067917] workingset: timestamp_bits=46 max_order=20 bucket_order=0
[    3.082284] NFS: Registering the id_resolver key type
[    3.087361] Key type id_resolver registered
[    3.091560] Key type id_legacy registered
[    3.096504] Key type cifs.idmap registered
[    3.155777] Key type asymmetric registered
[    3.159896] Asymmetric key parser 'x509' registered
[    3.164787] Asymmetric key parser 'tpm_parser' registered
[    3.170288] Block layer SCSI generic (bsg) driver version 0.4 loaded (major 250)
[    3.177730] io scheduler mq-deadline registered
[    3.182292] io scheduler kyber registered
[    3.187313] pcieport 0000:00:02.2: PME: Signaling with IRQ 25
[    3.193467] pcieport 0000:00:02.2: AER: enabled with IRQ 25
[    3.199792] pcieport 0000:00:02.3: PME: Signaling with IRQ 27
[    3.205895] pcieport 0000:00:02.3: AER: enabled with IRQ 27
[    3.211992] pcieport 0000:00:02.4: PME: Signaling with IRQ 29
[    3.218102] pcieport 0000:00:02.4: AER: enabled with IRQ 29
[    3.224487] input: Power Button as /devices/LNXSYSTM:00/LNXPWRBN:00/input/input0
[    3.236377] ACPI: Power Button [PWRF]
[    3.240255] ACPI: \_PR_.P000: Found 2 idle states
[    3.245459] ACPI: \_PR_.P001: Found 2 idle states
[    3.250601] ACPI: \_PR_.P002: Found 2 idle states
[    3.255774] ACPI: \_PR_.P003: Found 2 idle states
[    3.262536] thermal LNXTHERM:00: registered as thermal_zone0
[    3.268221] ACPI: Thermal Zone [TZ00] (73 C)
[    3.273076] Serial: 8250/16550 driver, 4 ports, IRQ sharing disabled
[    3.279596] 00:02: ttyS0 at I/O 0x3f8 (irq = 4, base_baud = 115200) is a 16550A
[    3.287231] 00:03: ttyS1 at I/O 0x2f8 (irq = 3, base_baud = 115200) is a 16550A
[    3.294868] serial8250: ttyS2 at I/O 0x3e8 (irq = 4, base_baud = 115200) is a 16550A
[    3.302869] serial8250: ttyS3 at I/O 0x2e8 (irq = 3, base_baud = 115200) is a 16550A
[    3.317942] tpm_tis MSFT0101:00: 2.0 TPM (device-id 0x1A, rev-id 16)
[    3.361423] brd: module loaded
[    3.371647] loop: module loaded
[    3.374897] Uniform Multi-Platform E-IDE driver
[    3.379592] ide-gd driver 1.18
[    3.382696] ide-cd driver 5.00
[    3.387430] ahci 0000:00:11.0: AHCI 0001.0300 32 slots 2 ports 6 Gbps 0x3 impl SATA mode
[    3.395541] ahci 0000:00:11.0: flags: 64bit ncq sntf ilck pm led clo pmp fbs pio slum part
[    3.405139] scsi host0: ahci
[    3.408753] scsi host1: ahci
[    3.411874] ata1: SATA max UDMA/133 abar m1024@0xf7f25000 port 0xf7f25100 irq 19
[    3.419295] ata2: SATA max UDMA/133 abar m1024@0xf7f25000 port 0xf7f25180 irq 19
[    3.426951] e100: Intel(R) PRO/100 Network Driver, 3.5.24-k2-NAPI
[    3.433076] e100: Copyright(c) 1999-2006 Intel Corporation
[    3.438688] e1000: Intel(R) PRO/1000 Network Driver - version 7.3.21-k8-NAPI
[    3.445746] e1000: Copyright (c) 1999-2006 Intel Corporation.
[    3.451579] e1000e: Intel(R) PRO/1000 Network Driver - 3.2.6-k
[    3.457430] e1000e: Copyright(c) 1999 - 2015 Intel Corporation.
[    3.463419] igb: Intel(R) Gigabit Ethernet Network Driver - version 5.6.0-k
[    3.470396] igb: Copyright (c) 2007-2014 Intel Corporation.
[    3.507120] pps pps0: new PPS source ptp0
[    3.511419] igb 0000:01:00.0: added PHC on eth0
[    3.515970] igb 0000:01:00.0: Intel(R) Gigabit Ethernet Network Connection
[    3.522859] igb 0000:01:00.0: eth0: (PCIe:2.5Gb/s:Width x1) 00:0d:b9:53:d2:c4
[    3.530008] igb 0000:01:00.0: eth0: PBA No: FFFFFF-0FF
[    3.535165] igb 0000:01:00.0: Using MSI-X interrupts. 4 rx queue(s), 4 tx queue(s)
[    3.574124] pps pps1: new PPS source ptp1
[    3.578470] igb 0000:02:00.0: added PHC on eth1
[    3.583028] igb 0000:02:00.0: Intel(R) Gigabit Ethernet Network Connection
[    3.589915] igb 0000:02:00.0: eth1: (PCIe:2.5Gb/s:Width x1) 00:0d:b9:53:d2:c5
[    3.597066] igb 0000:02:00.0: eth1: PBA No: FFFFFF-0FF
[    3.602220] igb 0000:02:00.0: Using MSI-X interrupts. 4 rx queue(s), 4 tx queue(s)
[    3.641092] pps pps2: new PPS source ptp2
[    3.645354] igb 0000:03:00.0: added PHC on eth2
[    3.649910] igb 0000:03:00.0: Intel(R) Gigabit Ethernet Network Connection
[    3.656817] igb 0000:03:00.0: eth2: (PCIe:2.5Gb/s:Width x1) 00:0d:b9:53:d2:c6
[    3.663966] igb 0000:03:00.0: eth2: PBA No: FFFFFF-0FF
[    3.669120] igb 0000:03:00.0: Using MSI-X interrupts. 4 rx queue(s), 4 tx queue(s)
[    3.676801] ehci_hcd: USB 2.0 'Enhanced' Host Controller (EHCI) Driver
[    3.683343] ehci-pci: EHCI PCI platform driver
[    3.688321] ehci-pci 0000:00:13.0: EHCI Host Controller
[    3.693580] ehci-pci 0000:00:13.0: new USB bus registered, assigned bus number 1
[    3.701002] ehci-pci 0000:00:13.0: applying AMD SB700/SB800/Hudson-2/3 EHCI dummy qh workaround
[    3.709721] ehci-pci 0000:00:13.0: debug port 2
[    3.714438] ehci-pci 0000:00:13.0: irq 18, io mem 0xf7f26000
[    3.726458] ehci-pci 0000:00:13.0: USB 2.0 started, EHCI 1.00
[    3.733120] hub 1-0:1.0: USB hub found
[    3.734874] ata1: SATA link down (SStatus 0 SControl 300)
[    3.736923] hub 1-0:1.0: 2 ports detected
[    3.742479] ata2: SATA link down (SStatus 0 SControl 300)
[    3.746936] ohci_hcd: USB 1.1 'Open' Host Controller (OHCI) Driver
[    3.758024] ohci-pci: OHCI PCI platform driver
[    3.762569] uhci_hcd: USB Universal Host Controller Interface driver
[    3.769412] xhci_hcd 0000:00:10.0: xHCI Host Controller
[    3.774682] xhci_hcd 0000:00:10.0: new USB bus registered, assigned bus number 2
[    3.782380] xhci_hcd 0000:00:10.0: hcc params 0x014040c3 hci version 0x100 quirks 0x0000000000000410
[    3.792698] hub 2-0:1.0: USB hub found
[    3.796539] hub 2-0:1.0: 2 ports detected
[    3.801016] xhci_hcd 0000:00:10.0: xHCI Host Controller
[    3.806268] xhci_hcd 0000:00:10.0: new USB bus registered, assigned bus number 3
[    3.813685] xhci_hcd 0000:00:10.0: Host supports USB 3.0 SuperSpeed
[    3.820054] usb usb3: We don't know the algorithms for LPM for this host, disabling LPM.
[    3.828736] hub 3-0:1.0: USB hub found
[    3.832529] hub 3-0:1.0: 2 ports detected
[    3.837015] usbcore: registered new interface driver usb-storage
[    3.843109] usbcore: registered new interface driver usbserial_generic
[    3.849744] usbserial: USB Serial support registered for generic
[    3.855797] usbcore: registered new interface driver ftdi_sio
[    3.861580] usbserial: USB Serial support registered for FTDI USB Serial Device
[    3.868980] usbcore: registered new interface driver pl2303
[    3.874591] usbserial: USB Serial support registered for pl2303
[    3.880697] i8042: PNP: No PS/2 controller found.
[    3.885429] i8042: Probing ports directly.
[    4.064281] tsc: Refined TSC clocksource calibration: 998.127 MHz
[    4.070422] clocksource: tsc: mask: 0xffffffffffffffff max_cycles: 0x1cc65b93289, max_idle_ns: 881590487074 ns
[    4.441096] clocksource: Switched to clocksource tsc
[    4.971585] i8042: No controller found
[    4.975563] mousedev: PS/2 mouse device common for all mice
[    4.981619] rtc_cmos 00:01: RTC can wake from S4
[    4.986882] rtc_cmos 00:01: registered as rtc0
[    4.991424] rtc_cmos 00:01: setting system clock to 2022-04-20T10:05:33 UTC (1650449133)
[    4.999581] rtc_cmos 00:01: alarms up to one day, 114 bytes nvram, hpet irqs
[    5.006849] EDAC amd64: F16h_M30h detected (node 0).
[    5.012103] EDAC amd64: Node 0: DRAM ECC enabled.
[    5.016828] EDAC amd64: MCT channel count: 1
[    5.021431] EDAC MC0: Giving out device to module amd64_edac controller F16h_M30h: DEV 0000:00:18.3 (INTERRUPT)
[    5.022292] usb 1-1: new high-speed USB device number 2 using ehci-pci
[    5.038262] EDAC amd64: MC: 0:  4096MB 1:     0MB
[    5.042987] EDAC amd64: MC: 2:     0MB 3:     0MB
[    5.047715] EDAC amd64: MC: 4:     0MB 5:     0MB
[    5.052433] EDAC amd64: MC: 6:     0MB 7:     0MB
[    5.057160] EDAC amd64: MC: 0:     0MB 1:     0MB
[    5.061880] EDAC amd64: MC: 2:     0MB 3:     0MB
[    5.066596] EDAC amd64: MC: 4:     0MB 5:     0MB
[    5.071320] EDAC amd64: MC: 6:     0MB 7:     0MB
[    5.076053] EDAC amd64: using x4 syndromes.
[    5.080311] EDAC PCI0: Giving out device to module amd64_edac controller EDAC PCI controller: DEV 0000:00:18.2 (POLLED)
[    5.091098] AMD64 EDAC driver v3.5.0
[    5.094757] sdhci: Secure Digital Host Controller Interface driver
[    5.100965] sdhci: Copyright(c) Pierre Ossman
[    5.105377] sdhci-pci 0000:00:14.7: SDHCI controller found [1022:7813] (rev 1)
[    5.113586] mmc0: SDHCI controller on PCI [0000:00:14.7] using ADMA 64-bit
[    5.120584] sdhci-pltfm: SDHCI platform and OF driver helper
[    5.126781] usbcore: registered new interface driver usbhid
[    5.132375] usbhid: USB HID core driver
[    5.136351] drop_monitor: Initializing network drop monitor service
[    5.142766] u32 classifier
[    5.145497]     input device check on
[    5.149186]     Actions configured
[    5.153430] NET: Registered protocol family 10
[    5.159380] Segment Routing with IPv6
[    5.163145] sit: IPv6, IPv4 and MPLS over IPv4 tunneling driver
[    5.169704] NET: Registered protocol family 17
[    5.172579] hub 1-1:1.0: USB hub found
[    5.174289] Key type dns_resolver registered
[    5.178239] hub 1-1:1.0: 4 ports detected
[    5.182250] x86/pm: family 0x16 cpu detected, MSR saving is needed during suspending.
[    5.192700] mmc0: new high speed SDHC card at address 5048
[    5.194462] microcode: CPU0: patch_level=0x07030105
[    5.200533] mmcblk0: mmc0:5048 SD32G 28.9 GiB
[    5.204575] microcode: CPU1: patch_level=0x07030105
[    5.213929] microcode: CPU2: patch_level=0x07030105
[    5.215167]  mmcblk0: p1 p2
[    5.218890] microcode: CPU3: patch_level=0x07030105
[    5.226576] microcode: Microcode Update Driver: v2.2.
[    5.226591] IPI shorthand broadcast: enabled
[    5.235980] sched_clock: Marking stable (5172172676, 63769682)->(5381092913, -145150555)
[    5.244369] Loading compiled-in X.509 certificates
[    5.249292] Key type ._fscrypt registered
[    5.253322] Key type .fscrypt registered
[    5.257262] Key type fscrypt-provisioning registered
[    5.263188] Btrfs loaded, crc32c=crc32c-generic
[    5.268727] Key type trusted registered
[    5.273206] Key type encrypted registered
[    5.278277] printk: console [netcon0] enabled
[    5.282658] netconsole: network logging started
[    5.287653] acpi_cpufreq: overriding BIOS provided _PSD data
[    5.294112] ALSA device list:
[    5.297132]   No soundcards found.
[    5.313009] EXT4-fs (mmcblk0p2): mounted filesystem with ordered data mode. Opts: (null)
[    5.321356] VFS: Mounted root (ext4 filesystem) readonly on device 179:2.
[    5.330183] devtmpfs: mounted
[    5.338690] Freeing unused kernel image (initmem) memory: 1580K
[    5.344747] Write protecting the kernel read-only data: 20480k
[    5.353035] Freeing unused kernel image (text/rodata gap) memory: 2044K
[    5.360835] Freeing unused kernel image (rodata/data gap) memory: 972K
[    5.367463] Run /sbin/init as init process
[    5.449660] random: fast init done
[    5.856349] systemd[1]: systemd 249.7+ running in system mode (-PAM -AUDIT -SELINUX -APPARMOR +IMA -SMACK +SECCOMP -GCRYPT -GNUTLS -OPENSSL +ACL +BLKID -CURL -ELFUTILS -FIDO2 -IDN2 -IDN -IPTC +KMOD -LIBCRYPTSETUP +LIBFDISK -PCRE2 -PWQUALITY -P11KIT -QRENCODE -BZIP2 -LZ4 -XZ -ZLIB +ZSTD +XKBCOMMON +UTMP +SYSVINIT default-hierarchy=hybrid)
[    5.898820] systemd[1]: Detected architecture x86-64.

Welcome to Distro for fobnail product 0.1.0 (honister)!

[    5.930317] systemd[1]: Hostname set to <tb>.
[    5.946522] random: systemd: uninitialized urandom read (16 bytes read)
[    5.953456] systemd[1]: Initializing machine ID from random generator.
[    5.960277] systemd[1]: Installed transient /etc/machine-id file.
[    6.523469] systemd[1]: Queued start job for default target Multi-User System.
[    6.532198] random: systemd: uninitialized urandom read (16 bytes read)
[    6.578103] systemd[1]: Created slice Slice /system/getty.
[  OK  ] Created slice Slice /system/getty.
[    6.592911] random: systemd: uninitialized urandom read (16 bytes read)
[    6.601875] systemd[1]: Created slice Slice /system/modprobe.
[  OK  ] Created slice Slice /system/modprobe.
[    6.618977] systemd[1]: Created slice Slice /system/serial-getty.
[  OK  ] Created slice Slice /system/serial-getty.
[    6.637239] systemd[1]: Created slice User and Session Slice.
[  OK  ] Created slice User and Session Slice.
[    6.653179] systemd[1]: Started Dispatch Password Requests to Console Directory Watch.
[  OK  ] Started Dispatch Password …ts to Console Directory Watch.
[    6.672116] systemd[1]: Started Forward Password Requests to Wall Directory Watch.
[  OK  ] Started Forward Password R…uests to Wall Directory Watch.
[    6.691346] systemd[1]: Reached target Path Units.
[  OK  ] Reached target Path Units.
[    6.704033] systemd[1]: Reached target Remote File Systems.
[  OK  ] Reached target Remote File Systems.
[    6.718731] systemd[1]: Reached target Slice Units.
[  OK  ] Reached target Slice Units.
[    6.732085] systemd[1]: Reached target Swaps.
[  OK  ] Reached target Swaps.
[    6.762689] systemd[1]: Listening on RPCbind Server Activation Socket.
[  OK  ] Listening on RPCbind Server Activation Socket.
[    6.777399] systemd[1]: Reached target RPC Port Mapper.
[  OK  ] Reached target RPC Port Mapper.
[    6.792397] systemd[1]: Listening on initctl Compatibility Named Pipe.
[  OK  ] Listening on initctl Compatibility Named Pipe.
[    6.844428] systemd[1]: Condition check resulted in Journal Audit Socket being skipped.
[    6.853680] systemd[1]: Listening on Journal Socket (/dev/log).
[  OK  ] Listening on Journal Socket (/dev/log).
[    6.869807] systemd[1]: Listening on Journal Socket.
[  OK  ] Listening on Journal Socket.
[    6.884103] systemd[1]: Listening on Network Service Netlink Socket.
[  OK  ] Listening on Network Service Netlink Socket.
[    6.901042] systemd[1]: Listening on udev Control Socket.
[  OK  ] Listening on udev Control Socket.
[    6.916597] systemd[1]: Listening on udev Kernel Socket.
[  OK  ] Listening on udev Kernel Socket.
[    6.931812] systemd[1]: Listening on User Database Manager Socket.
[  OK  ] Listening on User Database Manager Socket.
[    6.947777] systemd[1]: Condition check resulted in Huge Pages File System being skipped.
[    6.959888] systemd[1]: Mounting POSIX Message Queue File System...
         Mounting POSIX Message Queue File System...
[    6.982472] systemd[1]: Mounting Kernel Debug File System...
         Mounting Kernel Debug File System...
[    7.001497] systemd[1]: Mounting Kernel Trace File System...
         Mounting Kernel Trace File System...
[    7.022083] systemd[1]: Mounting Temporary Directory /tmp...
         Mounting Temporary Directory /tmp...
[    7.042044] systemd[1]: Starting Create List of Static Device Nodes...
         Starting Create List of Static Device Nodes...
[    7.063456] systemd[1]: Starting Load Kernel Module configfs...
         Starting Load Kernel Module configfs...
[    7.083313] systemd[1]: Starting Load Kernel Module drm...
         Starting Load Kernel Module drm...
[    7.103350] systemd[1]: Starting Load Kernel Module fuse...
         Starting Load Kernel Module fuse...
[    7.122432] systemd[1]: Starting RPC Bind...
         Startin[    7.127424] fuse: init (API version 7.31)
g RPC Bind...
[    7.142337] systemd[1]: Starting File System Check on Root Device...
         Starting File System Check on Root Device...
[    7.165764] systemd[1]: Starting Journal Service...
         Starting Journal Service...
[    7.185357] systemd[1]: Condition check resulted in Load Kernel Modules being skipped.
[    7.199785] systemd[1]: Starting Apply Kernel Variables...
         Starting Apply Kernel Variables...
[    7.210368] systemd[1]: Starting Coldplug All udev Devices...
         Starting Coldplug All udev Devices...
[    7.229573] systemd[1]: Started RPC Bind.
[  OK      7.234585] systemd[1]: Mounted POSIX Message Queue File System.
0m] Started     7.242316] systemd[1]: Mounted Kernel Debug File System.
1;39mRPC Bind    7.249191] systemd[1]: Mounted Kernel Trace File System.
m.
[  OK[    7.256500] systemd[1]: Mounted Temporary Directory /tmp.
  ] Mounted POSIX Message Queue Fil[    7.265650] systemd[1]: Finished Create List of Static Device Nodes.
e System.
[  OK      7.275539] systemd[1]: modprobe@configfs.service: Deactivated successfully.
m] Mounted Kernel Debug[    7.286047] systemd[1]: Finished Load Kernel Module configfs.
 File System.
[  OK [    7.295151] systemd[1]: modprobe@drm.service: Deactivated successfully.
 ] Mounted Kernel T[    7.304302] systemd[1]: Finished Load Kernel Module drm.
race File System.
[ [    7.313107] systemd[1]: modprobe@fuse.service: Deactivated successfully.
 OK  ] Mounted Temporary Directory [    7.323330] systemd[1]: Finished Load Kernel Module fuse.
/tmp.
[  OK  ] Finished Create List of [    7.335026] systemd[1]: Finished Apply Kernel Variables.
Static Device Nodes.
[  OK  ] Finished Load Kernel Module configfs.
[  OK  [    7.350167] systemd[1]: Mounting FUSE Control File System...
] Finished Load Kernel Module drm.
[  OK  ] Finishe[    7.362703] systemd[1]: Mounting Kernel Configuration File System...
d Load Kernel Module fuse.
[  OK  ] Finished Apply Kernel Variables.
         Mounting FUSE Control File System...
         Mounting Kernel Configuration File System...
[    7.403637] systemd[1]: Finished File System Check on Root Device.
[  OK  ] Finished File System Check on Root Device.
[    7.422192] systemd[1]: Mounted FUSE Control File System.
[  OK  ] Mounted FUSE Control File System.
[    7.437428] systemd[1]: Mounted Kernel Configuration File System.
[  OK  ] Mounted Kernel Configuration File System.
[    7.458004] systemd[1]: Starting Remount Root and Kernel File Systems...
         Starting Remount Root and Kernel File Systems...
[    7.486863] EXT4-fs (mmcblk0p2): re-mounted. Opts: (null)
[    7.503798] systemd[1]: Finished Remount Root and Kernel File Systems.
[  OK  ] Finished Remount Root and Kernel File Systems.
[    7.522241] systemd[1]: Started Journal Service.
[  OK  ] Started Journal Service.
         Starting Rebuild Hardware Database...
         Starting Flush Journal to Persistent Storage...
         Starting Create System Users...
[    7.588449] systemd-journald[152]: Received client request to flush runtime journal.
[  OK  ] Finished Flush Journal to Persistent Storage.
[  OK  ] Finished Create System Users.
[  OK  ] Finished Coldplug All udev Devices.
         Starting Create Static Device Nodes in /dev...
         Starting Wait for udev To …plete Device Initialization...
[  OK  ] Finished Create Static Device Nodes in /dev.
[  OK  ] Reached target Preparation for Local File Systems.
         Mounting /var/volatile...
[  OK  ] Mounted /var/volatile.
         Starting Load/Save Random Seed...
[    9.231316] random: crng init done
[    9.234932] random: 7 urandom warning(s) missed due to ratelimiting
[  OK  ] Finished Load/Save Random Seed.
[  OK  ] Finished Rebuild Hardware Database.
         Starting Rule-based Manage…for Device Events and Files...
[  OK  ] Started Rule-based Manager for Device Events and Files.
         Starting Network Configuration...
[   11.188539] igb 0000:02:00.0 enp2s0: renamed from eth1
[   11.213017] igb 0000:01:00.0 enp1s0: renamed from eth0
[   11.240372] igb 0000:03:00.0 enp3s0: renamed from eth2
[  OK  ] Found device /dev/mmcblk0p1.
[  OK  ] Started Network Configuration.
[  OK  ] Listening on Load/Save RF …itch Status /dev/rfkill Watch.
         Mounting /boot...
[  OK  ] Finished Wait for udev To Complete Device Initialization.
[  OK  ] Mounted /boot.
[  OK  ] Reached target Local File Systems.
         Starting Rebuild Dynamic Linker Cache...
         Starting Commit a transient machine-id on disk...
         Starting Create Volatile Files and Directories...
[  OK  ] Finished Create Volatile Files and Directories.
[  OK  ] Started Hardware RNG Entropy Gatherer Daemon.
         Starting Run pending postinsts...
         Starting Rebuild Journal Catalog...
         Starting Network Name Resolution...
         Starting Record System Boot/Shutdown in UTMP...
[  OK  ] Finished Commit a transient machine-id on disk.
[  OK  ] Finished Record System Boot/Shutdown in UTMP.
[  OK  ] Finished Rebuild Journal Catalog.
[  OK  ] Started Network Name Resolution.
[  OK  ] Reached target Host and Network Name Lookups.
[  OK  ] Finished Rebuild Dynamic Linker Cache.
         Starting Update is Completed...
[  OK  ] Finished Update is Completed.
[   14.588939] igb 0000:03:00.0 enp3s0: igb: enp3s0 NIC Link is Up 1000 Mbps Full Duplex, Flow Control: RX/TX
[   14.824652] IPv6: ADDRCONF(NETDEV_CHANGE): enp3s0: link becomes ready
[*     ] A start job is running for Run pending postinsts (8s / no limit)
[**    ] A start job is running for Run pending postinsts (9s / no limit)
[***   ] A start job is running for Run pending postinsts (10s / no limit)
[ ***  ] A start job is running for Run pending postinsts (10s / no limit)
[  *** ] A start job is running for Run pending postinsts (11s / no limit)
[   ***] A start job is running for Run pending postinsts (11s / no limit)
[    **] A start job is running for Run pending postinsts (12s / no limit)
[     *] A start job is running for Run pending postinsts (13s / no limit)
[    **] A start job is running for Run pending postinsts (13s / no limit)
[  OK  ] Finished Run pending postinsts.
[  OK  ] Reached target System Initialization.
[  OK  ] Started Daily Cleanup of Temporary Directories.
[  OK  ] Reached target Timer Units.
[  OK  ] Listening on Avahi mDNS/DNS-SD Stack Activation Socket.
[  OK  ] Listening on D-Bus System Message Bus Socket.
         Starting sshd.socket...
[  OK  ] Listening on sshd.socket.
[  OK  ] Reached target Socket Units.
[  OK  ] Reached target Basic System.
         Starting ACPI Event Daemon...
         Starting Avahi mDNS/DNS-SD Stack...
         Starting NTP client/server...
[  OK  ] Started D-Bus System Message Bus.
[  OK  ] Started A minimalistic net…Pv4, rdisc and DHCPv6 support.
[  OK  ] Reached target Network.
[  OK  ] Started Getty on tty1.
         Starting Telephony service...
[  OK  ] Started Serial Getty on ttyS0.
[  OK  ] Reached target Login Prompts.
         Starting User Login Management...
[  OK  ] Started Xinetd A Powerful Replacement For Inetd.
[   20.596059] 8021q: 802.1Q VLAN Support v1.8
[   20.600862] 8021q: adding VLAN 0 to HW filter on device enp1s0
         Starting OpenSSH Key Ge[   20.611310] 8021q: adding VLAN 0 to HW filter on device enp2s0
neration...
[   20.626367] 8021q: adding VLAN 0 to HW filter on device enp3s0
[  OK  ] Started ACPI Event Daemon.
[  OK  ] Started Avahi mDNS/DNS-SD Stack.
[  OK  ] Started Telephony service.
         Starting Hostname Service...
[   20.763990] cfg80211: Loading compiled-in X.509 certificates for regulatory database
[  OK  ] Started NTP client/server.
[   20.861927] cfg80211: Loaded X.509 cert 'sforshee: 00b28ddf47aef9cea7'
[  OK  ] Started User Login Management.
[  OK  ] Reached target Multi-User System.
         Starting Record Runlevel Change in UTMP...
[  OK  ] Finished Record Runlevel Change in UTMP.
[  OK  ] Started Hostname Service.

Distro for fobnail product 0.1.0 tb ttyS0

tb login: root
root@tb:~#
